Archive member included to satisfy reference by file (symbol)

e:/nueclipse/6 2017-q1-update/bin/../lib/gcc/arm-none-eabi/6.3.1/thumb/v6-m\libgcc.a(_udivsi3.o)
                              ./User/util/string/string_util.o (__aeabi_uidiv)
e:/nueclipse/6 2017-q1-update/bin/../lib/gcc/arm-none-eabi/6.3.1/thumb/v6-m\libgcc.a(_divsi3.o)
                              ./Library/StdDriver/src/can.o (__aeabi_idiv)
e:/nueclipse/6 2017-q1-update/bin/../lib/gcc/arm-none-eabi/6.3.1/thumb/v6-m\libgcc.a(_dvmd_tls.o)
                              e:/nueclipse/6 2017-q1-update/bin/../lib/gcc/arm-none-eabi/6.3.1/thumb/v6-m\libgcc.a(_udivsi3.o) (__aeabi_idiv0)
e:/nueclipse/6 2017-q1-update/bin/../lib/gcc/arm-none-eabi/6.3.1/thumb/v6-m\libgcc.a(_aeabi_uldivmod.o)
                              ./Library/StdDriver/src/can.o (__aeabi_uldivmod)
e:/nueclipse/6 2017-q1-update/bin/../lib/gcc/arm-none-eabi/6.3.1/thumb/v6-m\libgcc.a(_udivmoddi4.o)
                              e:/nueclipse/6 2017-q1-update/bin/../lib/gcc/arm-none-eabi/6.3.1/thumb/v6-m\libgcc.a(_aeabi_uldivmod.o) (__udivmoddi4)
e:/nueclipse/6 2017-q1-update/bin/../lib/gcc/arm-none-eabi/6.3.1/thumb/v6-m\libgcc.a(floatunsisf.o)
                              ./Library/StdDriver/src/dac.o (__aeabi_ui2f)
e:/nueclipse/6 2017-q1-update/bin/../lib/gcc/arm-none-eabi/6.3.1/thumb/v6-m\libgcc.a(_clzsi2.o)
                              e:/nueclipse/6 2017-q1-update/bin/../lib/gcc/arm-none-eabi/6.3.1/thumb/v6-m\libgcc.a(floatunsisf.o) (__clzsi2)
e:/nueclipse/6 2017-q1-update/bin/../lib/gcc/arm-none-eabi/6.3.1/thumb/v6-m\libgcc.a(_clzdi2.o)
                              e:/nueclipse/6 2017-q1-update/bin/../lib/gcc/arm-none-eabi/6.3.1/thumb/v6-m\libgcc.a(_udivmoddi4.o) (__clzdi2)
e:/nueclipse/6 2017-q1-update/bin/../lib/gcc/arm-none-eabi/6.3.1/../../../../arm-none-eabi/lib/thumb/v6-m\libg_nano.a(lib_a-errno.o)
                              ./CMSIS/GCC/_syscalls.o (__errno)
e:/nueclipse/6 2017-q1-update/bin/../lib/gcc/arm-none-eabi/6.3.1/../../../../arm-none-eabi/lib/thumb/v6-m\libg_nano.a(lib_a-exit.o)
                              e:/nueclipse/6 2017-q1-update/bin/../lib/gcc/arm-none-eabi/6.3.1/../../../../arm-none-eabi/lib/thumb/v6-m/crt0.o (exit)
e:/nueclipse/6 2017-q1-update/bin/../lib/gcc/arm-none-eabi/6.3.1/../../../../arm-none-eabi/lib/thumb/v6-m\libg_nano.a(lib_a-impure.o)
                              e:/nueclipse/6 2017-q1-update/bin/../lib/gcc/arm-none-eabi/6.3.1/../../../../arm-none-eabi/lib/thumb/v6-m\libg_nano.a(lib_a-exit.o) (_global_impure_ptr)
e:/nueclipse/6 2017-q1-update/bin/../lib/gcc/arm-none-eabi/6.3.1/../../../../arm-none-eabi/lib/thumb/v6-m\libg_nano.a(lib_a-init.o)
                              e:/nueclipse/6 2017-q1-update/bin/../lib/gcc/arm-none-eabi/6.3.1/../../../../arm-none-eabi/lib/thumb/v6-m/crt0.o (__libc_init_array)
e:/nueclipse/6 2017-q1-update/bin/../lib/gcc/arm-none-eabi/6.3.1/../../../../arm-none-eabi/lib/thumb/v6-m\libg_nano.a(lib_a-malloc.o)
                              ./User/components/switch/switch.o (malloc)
e:/nueclipse/6 2017-q1-update/bin/../lib/gcc/arm-none-eabi/6.3.1/../../../../arm-none-eabi/lib/thumb/v6-m\libg_nano.a(lib_a-memset.o)
                              e:/nueclipse/6 2017-q1-update/bin/../lib/gcc/arm-none-eabi/6.3.1/../../../../arm-none-eabi/lib/thumb/v6-m/crt0.o (memset)
e:/nueclipse/6 2017-q1-update/bin/../lib/gcc/arm-none-eabi/6.3.1/../../../../arm-none-eabi/lib/thumb/v6-m\libg_nano.a(lib_a-nano-freer.o)
                              e:/nueclipse/6 2017-q1-update/bin/../lib/gcc/arm-none-eabi/6.3.1/../../../../arm-none-eabi/lib/thumb/v6-m\libg_nano.a(lib_a-malloc.o) (_free_r)
e:/nueclipse/6 2017-q1-update/bin/../lib/gcc/arm-none-eabi/6.3.1/../../../../arm-none-eabi/lib/thumb/v6-m\libg_nano.a(lib_a-nano-mallocr.o)
                              e:/nueclipse/6 2017-q1-update/bin/../lib/gcc/arm-none-eabi/6.3.1/../../../../arm-none-eabi/lib/thumb/v6-m\libg_nano.a(lib_a-malloc.o) (_malloc_r)
e:/nueclipse/6 2017-q1-update/bin/../lib/gcc/arm-none-eabi/6.3.1/../../../../arm-none-eabi/lib/thumb/v6-m\libg_nano.a(lib_a-printf.o)
                              ./Library/StdDriver/src/retarget.o (printf)
e:/nueclipse/6 2017-q1-update/bin/../lib/gcc/arm-none-eabi/6.3.1/../../../../arm-none-eabi/lib/thumb/v6-m\libg_nano.a(lib_a-puts.o)
                              ./Library/StdDriver/src/retarget.o (puts)
e:/nueclipse/6 2017-q1-update/bin/../lib/gcc/arm-none-eabi/6.3.1/../../../../arm-none-eabi/lib/thumb/v6-m\libg_nano.a(lib_a-sbrkr.o)
                              e:/nueclipse/6 2017-q1-update/bin/../lib/gcc/arm-none-eabi/6.3.1/../../../../arm-none-eabi/lib/thumb/v6-m\libg_nano.a(lib_a-nano-mallocr.o) (_sbrk_r)
e:/nueclipse/6 2017-q1-update/bin/../lib/gcc/arm-none-eabi/6.3.1/../../../../arm-none-eabi/lib/thumb/v6-m\libg_nano.a(lib_a-strlen.o)
                              ./User/board/nuvoton_bsp/uart_hw/uart_hw.o (strlen)
[...]
Memory Configuration

Name             Origin             Length             Attributes
FLASH            0x00000000         0x00008000         xr
RAM              0x20000000         0x00001000         xrw
*default*        0x00000000         0xffffffff

Linker script and memory map

LOAD e:/nueclipse/6 2017-q1-update/bin/../lib/gcc/arm-none-eabi/6.3.1/thumb/v6-m/crti.o
LOAD e:/nueclipse/6 2017-q1-update/bin/../lib/gcc/arm-none-eabi/6.3.1/thumb/v6-m/crtbegin.o
LOAD e:/nueclipse/6 2017-q1-update/bin/../lib/gcc/arm-none-eabi/6.3.1/../../../../arm-none-eabi/lib/thumb/v6-m/crt0.o
LOAD ./User/util/string/string_util.o
LOAD ./User/service/rs485_slave/rs485_slave.o
LOAD ./User/components/switch/switch.o
LOAD ./User/components/rgb_led/rgb_led.o
LOAD ./User/components/ntc/ntc.o
LOAD ./User/components/adc_sensor/adc_sensor.o
LOAD ./User/board/nuvoton_bsp/uart_hw/uart_hw.o
LOAD ./User/board/nuvoton_bsp/core_hw/core_hw.o
LOAD ./User/board/nuvoton_bsp/cabinet_slave_hw/cabinet_slave_hw.o
LOAD ./User/board/nuvoton_bsp/adc_hw/adc_hw.o
LOAD ./User/board/board.o
LOAD ./User/app/peripheral_init/peripheral_init.o
LOAD ./User/app/cabinet_slave_app/cabinet_slave_app.o
LOAD ./User/main.o
LOAD ./Library/StdDriver/src/acmp.o
LOAD ./Library/StdDriver/src/adc.o
LOAD ./Library/StdDriver/src/can.o
LOAD ./Library/StdDriver/src/clk.o
LOAD ./Library/StdDriver/src/crc.o
LOAD ./Library/StdDriver/src/dac.o
LOAD ./Library/StdDriver/src/fmc.o
LOAD ./Library/StdDriver/src/gpio.o
LOAD ./Library/StdDriver/src/pdma.o
LOAD ./Library/StdDriver/src/pwm.o
LOAD ./Library/StdDriver/src/retarget.o
LOAD ./Library/StdDriver/src/sys.o
LOAD ./Library/StdDriver/src/timer.o
LOAD ./Library/StdDriver/src/uart.o
LOAD ./Library/StdDriver/src/usci_i2c.o
LOAD ./Library/StdDriver/src/usci_spi.o
LOAD ./Library/StdDriver/src/usci_uart.o
LOAD ./Library/StdDriver/src/wdt.o
LOAD ./Library/StdDriver/src/wwdt.o
LOAD ./CMSIS/GCC/_syscalls.o
LOAD ./CMSIS/GCC/startup_M0A21.o
LOAD ./CMSIS/system_M0A21.o
START GROUP
LOAD e:/nueclipse/6 2017-q1-update/bin/../lib/gcc/arm-none-eabi/6.3.1/thumb/v6-m\libgcc.a
LOAD e:/nueclipse/6 2017-q1-update/bin/../lib/gcc/arm-none-eabi/6.3.1/../../../../arm-none-eabi/lib/thumb/v6-m\libg_nano.a
LOAD e:/nueclipse/6 2017-q1-update/bin/../lib/gcc/arm-none-eabi/6.3.1/../../../../arm-none-eabi/lib/thumb/v6-m\libc_nano.a
END GROUP
START GROUP
LOAD e:/nueclipse/6 2017-q1-update/bin/../lib/gcc/arm-none-eabi/6.3.1/thumb/v6-m\libgcc.a
LOAD e:/nueclipse/6 2017-q1-update/bin/../lib/gcc/arm-none-eabi/6.3.1/../../../../arm-none-eabi/lib/thumb/v6-m\libc_nano.a
END GROUP
LOAD e:/nueclipse/6 2017-q1-update/bin/../lib/gcc/arm-none-eabi/6.3.1/thumb/v6-m/crtend.o
LOAD e:/nueclipse/6 2017-q1-update/bin/../lib/gcc/arm-none-eabi/6.3.1/thumb/v6-m/crtn.o
START GROUP
LOAD e:/nueclipse/6 2017-q1-update/bin/../lib/gcc/arm-none-eabi/6.3.1/thumb/v6-m\libgcc.a
LOAD e:/nueclipse/6 2017-q1-update/bin/../lib/gcc/arm-none-eabi/6.3.1/../../../../arm-none-eabi/lib/thumb/v6-m\libc.a
LOAD e:/nueclipse/6 2017-q1-update/bin/../lib/gcc/arm-none-eabi/6.3.1/../../../../arm-none-eabi/lib/thumb/v6-m\libm.a
LOAD e:/nueclipse/6 2017-q1-update/bin/../lib/gcc/arm-none-eabi/6.3.1/../../../../arm-none-eabi/lib/thumb/v6-m\libnosys.a
END GROUP

.text           0x00000000     0x26fc
 *(.vectors)
 .vectors       0x00000000       0xc0 ./CMSIS/GCC/startup_M0A21.o
                0x00000000                __Vectors
                0x000000c0                __Vectors_End = .
                0x000000c0                __Vectors_Size = (__Vectors_End - __Vectors)
                0x000000c0                __end__ = .
 *(.text*)
 .text          0x000000c0       0x60 e:/nueclipse/6 2017-q1-update/bin/../lib/gcc/arm-none-eabi/6.3.1/thumb/v6-m/crtbegin.o
 .text          0x00000120       0x78 e:/nueclipse/6 2017-q1-update/bin/../lib/gcc/arm-none-eabi/6.3.1/../../../../arm-none-eabi/lib/thumb/v6-m/crt0.o
                0x00000120                _start
                0x00000120                _mainCRTStartup
 .text.string_swap
                0x00000198       0x1c ./User/util/string/string_util.o
                0x00000198                string_swap
 .text.long_to_string
                0x000001b4       0x60 ./User/util/string/string_util.o
                0x000001b4                long_to_string
 .text.slen     0x00000214       0x7c ./User/util/string/string_util.o
                0x00000214                slen
 .text.string_to_long
                0x00000290       0x28 ./User/util/string/string_util.o
                0x00000290                string_to_long
 .text.rs485_slave_response_msg_serialize
                0x000002b8       0x36 ./User/service/rs485_slave/rs485_slave.o
                0x000002b8                rs485_slave_response_msg_serialize
 .text.rs485_slave_reset_buffer
                0x000002ee       0x1c ./User/service/rs485_slave/rs485_slave.o
                0x000002ee                rs485_slave_reset_buffer
 .text.rs485_slave_check_valid_msg
                0x0000030a       0x32 ./User/service/rs485_slave/rs485_slave.o
                0x0000030a                rs485_slave_check_valid_msg
 .text.rs485_parse_data
                0x0000033c       0x78 ./User/service/rs485_slave/rs485_slave.o
 .text.rs485_slave_process
                0x000003b4       0x74 ./User/service/rs485_slave/rs485_slave.o
                0x000003b4                rs485_slave_process
 .text.rs485_sends
                0x00000428       0x24 ./User/service/rs485_slave/rs485_slave.o
                0x00000428                rs485_sends
 .text.sw_process
                0x0000044c       0x12 ./User/components/switch/switch.o
                0x0000044c                sw_process
 *fill*         0x0000045e        0x2 
 .text.led_set_color
                0x00000460       0x38 ./User/components/rgb_led/rgb_led.o
                0x00000460                led_set_color
 .text.blink_led
                0x00000498       0x48 ./User/components/rgb_led/rgb_led.o
                0x00000498                blink_led
 .text.ntc_update_impedance_handle
                0x000004e0       0x28 ./User/components/ntc/ntc.o
 .text.ntc_construct
                0x00000508       0x2c ./User/components/ntc/ntc.o
                0x00000508                ntc_construct
 .text.adc_sensor_update_result_default_impl
                0x00000534       0x28 ./User/components/adc_sensor/adc_sensor.o
 .text.adc_sensor_init
                0x0000055c       0x1c ./User/components/adc_sensor/adc_sensor.o
                0x0000055c                adc_sensor_init
 .text.uart_hw_init
                0x00000578       0x78 ./User/board/nuvoton_bsp/uart_hw/uart_hw.o
                0x00000578                uart_hw_init
 .text.uart_sends
                0x000005f0       0x24 ./User/board/nuvoton_bsp/uart_hw/uart_hw.o
                0x000005f0                uart_sends
 .text.UART0_IRQHandler
                0x00000614       0x30 ./User/board/nuvoton_bsp/uart_hw/uart_hw.o
                0x00000614                UART0_IRQHandler
 .text.system_clock_init
                0x00000644       0x3c ./User/board/nuvoton_bsp/core_hw/core_hw.o
 .text.system_tick_init
                0x00000680       0xe4 ./User/board/nuvoton_bsp/core_hw/core_hw.o
 .text.core_hw_init
                0x00000764        0xc ./User/board/nuvoton_bsp/core_hw/core_hw.o
                0x00000764                core_hw_init
 .text.rs485_io_hw_init
                0x00000770       0x14 ./User/board/nuvoton_bsp/cabinet_slave_hw/cabinet_slave_hw.o
 .text.rgb_led_init
                0x00000784       0x2c ./User/board/nuvoton_bsp/cabinet_slave_hw/cabinet_slave_hw.o
 .text.fan_sw_init
                0x000007b0       0x14 ./User/board/nuvoton_bsp/cabinet_slave_hw/cabinet_slave_hw.o
 .text.door_init
                0x000007c4       0x14 ./User/board/nuvoton_bsp/cabinet_slave_hw/cabinet_slave_hw.o
 .text.charger_sw_init
                0x000007d8       0x14 ./User/board/nuvoton_bsp/cabinet_slave_hw/cabinet_slave_hw.o
 .text.node_id_sw_init
                0x000007ec       0x14 ./User/board/nuvoton_bsp/cabinet_slave_hw/cabinet_slave_hw.o
 .text.cabinet_slave_hw_init
                0x00000800       0x1c ./User/board/nuvoton_bsp/cabinet_slave_hw/cabinet_slave_hw.o
                0x00000800                cabinet_slave_hw_init
 .text.adc_hw_init
                0x0000081c        0x2 ./User/board/nuvoton_bsp/adc_hw/adc_hw.o
                0x0000081c                adc_hw_init
 .text.board_init
                0x0000081e       0x24 ./User/board/board.o
                0x0000081e                board_init
 *fill*         0x00000842        0x2 
 .text.door_get_state
                0x00000844       0x10 ./User/app/peripheral_init/peripheral_init.o
 .text.node_id_sw_on
                0x00000854       0x10 ./User/app/peripheral_init/peripheral_init.o
 .text.node_id_sw_off
                0x00000864       0x10 ./User/app/peripheral_init/peripheral_init.o
 .text.fan_sw_on
                0x00000874       0x10 ./User/app/peripheral_init/peripheral_init.o
 .text.fan_sw_off
                0x00000884       0x10 ./User/app/peripheral_init/peripheral_init.o
 .text.charger_sw_on
                0x00000894       0x10 ./User/app/peripheral_init/peripheral_init.o
 .text.charger_sw_off
                0x000008a4       0x10 ./User/app/peripheral_init/peripheral_init.o
 .text.standby_led_sw_on
                0x000008b4       0x20 ./User/app/peripheral_init/peripheral_init.o
 .text.standby_led_sw_off
                0x000008d4       0x20 ./User/app/peripheral_init/peripheral_init.o
 .text.rs485_slave_sync_data_serialize_impl
                0x000008f4       0x94 ./User/app/peripheral_init/peripheral_init.o
 .text.door_sw_on
                0x00000988       0x80 ./User/app/peripheral_init/peripheral_init.o
 .text.peripheral_init
                0x00000a08       0x78 ./User/app/peripheral_init/peripheral_init.o
                0x00000a08                peripheral_init
 .text.cab_slave_app_update_temp
                0x00000a80        0x2 ./User/app/cabinet_slave_app/cabinet_slave_app.o
                0x00000a80                cab_slave_app_update_temp
 *fill*         0x00000a82        0x2 
 .text.uart_receive_handle_impl
                0x00000a84       0x3c ./User/main.o
 .text.led_update_state
                0x00000ac0       0x60 ./User/main.o
 .text.update_door_state
                0x00000b20       0x68 ./User/main.o
 .text.rs485_slave_check_master_command
                0x00000b88       0xe8 ./User/main.o
 .text.main     0x00000c70       0x3c ./User/main.o
                0x00000c70                main
 .text.TMR0_IRQHandler
                0x00000cac       0x6c ./User/main.o
                0x00000cac                TMR0_IRQHandler
 .text.CLK_GetPCLK0Freq
                0x00000d18       0x20 ./Library/StdDriver/src/clk.o
                0x00000d18                CLK_GetPCLK0Freq
 .text.CLK_GetPCLK1Freq
                0x00000d38       0x20 ./Library/StdDriver/src/clk.o
                0x00000d38                CLK_GetPCLK1Freq
 .text.CLK_SetModuleClock
                0x00000d58       0x84 ./Library/StdDriver/src/clk.o
                0x00000d58                CLK_SetModuleClock
 .text.CLK_EnableXtalRC
                0x00000ddc       0x10 ./Library/StdDriver/src/clk.o
                0x00000ddc                CLK_EnableXtalRC
 .text.CLK_EnableModuleClock
                0x00000dec       0x38 ./Library/StdDriver/src/clk.o
                0x00000dec                CLK_EnableModuleClock
 .text.CLK_WaitClockReady
                0x00000e24       0x28 ./Library/StdDriver/src/clk.o
                0x00000e24                CLK_WaitClockReady
 .text.CLK_SetHCLK
                0x00000e4c       0x4c ./Library/StdDriver/src/clk.o
                0x00000e4c                CLK_SetHCLK
 .text.GPIO_SetMode
                0x00000e98       0x2a ./Library/StdDriver/src/gpio.o
                0x00000e98                GPIO_SetMode
 *fill*         0x00000ec2        0x2 
 .text.stackDump
                0x00000ec4       0x68 ./Library/StdDriver/src/retarget.o
 .text.Hard_Fault_Handler
                0x00000f2c       0x18 ./Library/StdDriver/src/retarget.o
                0x00000f2c                Hard_Fault_Handler
 .text.HardFault_Handler
                0x00000f44       0x20 ./Library/StdDriver/src/retarget.o
                0x00000f44                HardFault_Handler
 .text._write   0x00000f64       0x40 ./Library/StdDriver/src/retarget.o
                0x00000f64                _write
 .text._read    0x00000fa4       0x18 ./Library/StdDriver/src/retarget.o
                0x00000fa4                _read
 .text.SYS_ResetModule
                0x00000fbc       0x24 ./Library/StdDriver/src/sys.o
                0x00000fbc                SYS_ResetModule
 .text.TIMER_GetModuleClock
                0x00000fe0       0x90 ./Library/StdDriver/src/timer.o
                0x00000fe0                TIMER_GetModuleClock
 .text.TIMER_Open
                0x00001070       0x3c ./Library/StdDriver/src/timer.o
                0x00001070                TIMER_Open
 .text.UART_EnableInt
                0x000010ac        0x8 ./Library/StdDriver/src/uart.o
                0x000010ac                UART_EnableInt
 .text.UART_Open
                0x000010b4       0xdc ./Library/StdDriver/src/uart.o
                0x000010b4                UART_Open
 .text.UART_Write
                0x00001190       0x34 ./Library/StdDriver/src/uart.o
                0x00001190                UART_Write
 .text._close   0x000011c4       0x10 ./CMSIS/GCC/_syscalls.o
                0x000011c4                _close
 .text._fstat   0x000011d4       0x10 ./CMSIS/GCC/_syscalls.o
                0x000011d4                _fstat
 .text._isatty  0x000011e4        0xe ./CMSIS/GCC/_syscalls.o
                0x000011e4                _isatty
 .text._lseek   0x000011f2       0x10 ./CMSIS/GCC/_syscalls.o
                0x000011f2                _lseek
 *fill*         0x00001202        0x2 
 .text          0x00001204       0x2c ./CMSIS/GCC/startup_M0A21.o
                0x00001204                Reset_Handler
                0x0000122c                ACMP01_IRQHandler
                0x0000122c                USCI0_IRQHandler
                0x0000122c                SysTick_Handler
                0x0000122c                PendSV_Handler
                0x0000122c                NMI_Handler
                0x0000122c                UART1_IRQHandler
                0x0000122c                EINT135_IRQHandler
                0x0000122c                USCI1_IRQHandler
                0x0000122c                EINT024_IRQHandler
                0x0000122c                PWRWU_IRQHandler
                0x0000122c                GPCD_IRQHandler
                0x0000122c                Default_Handler
                0x0000122c                CKFAIL_IRQHandler
                0x0000122c                ADC_IRQHandler
                0x0000122c                TMR2_IRQHandler
                0x0000122c                BOD_IRQHandler
                0x0000122c                WDT_IRQHandler
                0x0000122c                SVC_Handler
                0x0000122c                PDMA_IRQHandler
                0x0000122c                DAC0_IRQHandler
                0x0000122c                GPAB_IRQHandler
                0x0000122c                PWM0_IRQHandler
                0x0000122c                CAN0_IRQHandler
                0x0000122c                TMR3_IRQHandler
                0x0000122c                TMR1_IRQHandler
 .text.SystemCoreClockUpdate
                0x00001230       0x4c ./CMSIS/system_M0A21.o
                0x00001230                SystemCoreClockUpdate
 .text.SystemInit
                0x0000127c        0x2 ./CMSIS/system_M0A21.o
                0x0000127c                SystemInit
 *fill*         0x0000127e        0x2 
 .text          0x00001280      0x114 e:/nueclipse/6 2017-q1-update/bin/../lib/gcc/arm-none-eabi/6.3.1/thumb/v6-m\libgcc.a(_udivsi3.o)
                0x00001280                __aeabi_uidiv
                0x00001280                __udivsi3
                0x0000138c                __aeabi_uidivmod
 .text          0x00001394        0x4 e:/nueclipse/6 2017-q1-update/bin/../lib/gcc/arm-none-eabi/6.3.1/thumb/v6-m\libgcc.a(_dvmd_tls.o)
                0x00001394                __aeabi_idiv0
                0x00001394                __aeabi_ldiv0
 .text.__errno  0x00001398        0xc e:/nueclipse/6 2017-q1-update/bin/../lib/gcc/arm-none-eabi/6.3.1/../../../../arm-none-eabi/lib/thumb/v6-m\libg_nano.a(lib_a-errno.o)
                0x00001398                __errno
 .text.exit     0x000013a4       0x2c e:/nueclipse/6 2017-q1-update/bin/../lib/gcc/arm-none-eabi/6.3.1/../../../../arm-none-eabi/lib/thumb/v6-m\libg_nano.a(lib_a-exit.o)
                0x000013a4                exit
 .text.__libc_init_array
                0x000013d0       0x48 e:/nueclipse/6 2017-q1-update/bin/../lib/gcc/arm-none-eabi/6.3.1/../../../../arm-none-eabi/lib/thumb/v6-m\libg_nano.a(lib_a-init.o)
                0x000013d0                __libc_init_array
 .text.malloc   0x00001418       0x14 e:/nueclipse/6 2017-q1-update/bin/../lib/gcc/arm-none-eabi/6.3.1/../../../../arm-none-eabi/lib/thumb/v6-m\libg_nano.a(lib_a-malloc.o)
                0x00001418                malloc
 .text.memset   0x0000142c       0x10 e:/nueclipse/6 2017-q1-update/bin/../lib/gcc/arm-none-eabi/6.3.1/../../../../arm-none-eabi/lib/thumb/v6-m\libg_nano.a(lib_a-memset.o)
                0x0000142c                memset
 .text._free_r  0x0000143c       0x94 e:/nueclipse/6 2017-q1-update/bin/../lib/gcc/arm-none-eabi/6.3.1/../../../../arm-none-eabi/lib/thumb/v6-m\libg_nano.a(lib_a-nano-freer.o)
                0x0000143c                _free_r
 .text._malloc_r
                0x000014d0       0xbc e:/nueclipse/6 2017-q1-update/bin/../lib/gcc/arm-none-eabi/6.3.1/../../../../arm-none-eabi/lib/thumb/v6-m\libg_nano.a(lib_a-nano-mallocr.o)
                0x000014d0                _malloc_r
 .text.printf   0x0000158c       0x34 e:/nueclipse/6 2017-q1-update/bin/../lib/gcc/arm-none-eabi/6.3.1/../../../../arm-none-eabi/lib/thumb/v6-m\libg_nano.a(lib_a-printf.o)
                0x0000158c                iprintf
                0x0000158c                printf
 .text._puts_r  0x000015c0       0xc0 e:/nueclipse/6 2017-q1-update/bin/../lib/gcc/arm-none-eabi/6.3.1/../../../../arm-none-eabi/lib/thumb/v6-m\libg_nano.a(lib_a-puts.o)
                0x000015c0                _puts_r
 .text.puts     0x00001680       0x14 e:/nueclipse/6 2017-q1-update/bin/../lib/gcc/arm-none-eabi/6.3.1/../../../../arm-none-eabi/lib/thumb/v6-m\libg_nano.a(lib_a-puts.o)
                0x00001680                puts
 .text._sbrk_r  0x00001694       0x24 e:/nueclipse/6 2017-q1-update/bin/../lib/gcc/arm-none-eabi/6.3.1/../../../../arm-none-eabi/lib/thumb/v6-m\libg_nano.a(lib_a-sbrkr.o)
                0x00001694                _sbrk_r
 .text          0x000016b8        0xe e:/nueclipse/6 2017-q1-update/bin/../lib/gcc/arm-none-eabi/6.3.1/../../../../arm-none-eabi/lib/thumb/v6-m\libg_nano.a(lib_a-strlen.o)
                0x000016b8                strlen
 *fill*         0x000016c6        0x2 
 .text.strtok   0x000016c8       0x50 e:/nueclipse/6 2017-q1-update/bin/../lib/gcc/arm-none-eabi/6.3.1/../../../../arm-none-eabi/lib/thumb/v6-m\libg_nano.a(lib_a-strtok.o)
                0x000016c8                strtok
 .text.__strtok_r
                0x00001718       0x5c e:/nueclipse/6 2017-q1-update/bin/../lib/gcc/arm-none-eabi/6.3.1/../../../../arm-none-eabi/lib/thumb/v6-m\libg_nano.a(lib_a-strtok_r.o)
                0x00001718                __strtok_r
 .text.__swbuf_r
                0x00001774       0xac e:/nueclipse/6 2017-q1-update/bin/../lib/gcc/arm-none-eabi/6.3.1/../../../../arm-none-eabi/lib/thumb/v6-m\libg_nano.a(lib_a-wbuf.o)
                0x00001774                __swbuf_r
 .text.__swsetup_r
                0x00001820       0xec e:/nueclipse/6 2017-q1-update/bin/../lib/gcc/arm-none-eabi/6.3.1/../../../../arm-none-eabi/lib/thumb/v6-m\libg_nano.a(lib_a-wsetup.o)
                0x00001820                __swsetup_r
 .text.__sflush_r
                0x0000190c      0x114 e:/nueclipse/6 2017-q1-update/bin/../lib/gcc/arm-none-eabi/6.3.1/../../../../arm-none-eabi/lib/thumb/v6-m\libg_nano.a(lib_a-fflush.o)
                0x0000190c                __sflush_r
 .text._fflush_r
                0x00001a20       0x58 e:/nueclipse/6 2017-q1-update/bin/../lib/gcc/arm-none-eabi/6.3.1/../../../../arm-none-eabi/lib/thumb/v6-m\libg_nano.a(lib_a-fflush.o)
                0x00001a20                _fflush_r
 .text._cleanup_r
                0x00001a78       0x10 e:/nueclipse/6 2017-q1-update/bin/../lib/gcc/arm-none-eabi/6.3.1/../../../../arm-none-eabi/lib/thumb/v6-m\libg_nano.a(lib_a-findfp.o)
                0x00001a78                _cleanup_r
 .text.std.isra.0
                0x00001a88       0x48 e:/nueclipse/6 2017-q1-update/bin/../lib/gcc/arm-none-eabi/6.3.1/../../../../arm-none-eabi/lib/thumb/v6-m\libg_nano.a(lib_a-findfp.o)
 .text.__sfmoreglue
                0x00001ad0       0x2c e:/nueclipse/6 2017-q1-update/bin/../lib/gcc/arm-none-eabi/6.3.1/../../../../arm-none-eabi/lib/thumb/v6-m\libg_nano.a(lib_a-findfp.o)
                0x00001ad0                __sfmoreglue
 .text.__sinit  0x00001afc       0x68 e:/nueclipse/6 2017-q1-update/bin/../lib/gcc/arm-none-eabi/6.3.1/../../../../arm-none-eabi/lib/thumb/v6-m\libg_nano.a(lib_a-findfp.o)
                0x00001afc                __sinit
 .text.__sfp    0x00001b64       0x80 e:/nueclipse/6 2017-q1-update/bin/../lib/gcc/arm-none-eabi/6.3.1/../../../../arm-none-eabi/lib/thumb/v6-m\libg_nano.a(lib_a-findfp.o)
                0x00001b64                __sfp
 .text._fwalk_reent
                0x00001be4       0x42 e:/nueclipse/6 2017-q1-update/bin/../lib/gcc/arm-none-eabi/6.3.1/../../../../arm-none-eabi/lib/thumb/v6-m\libg_nano.a(lib_a-fwalk.o)
                0x00001be4                _fwalk_reent
 *fill*         0x00001c26        0x2 
 .text.__swhatbuf_r
                0x00001c28       0x50 e:/nueclipse/6 2017-q1-update/bin/../lib/gcc/arm-none-eabi/6.3.1/../../../../arm-none-eabi/lib/thumb/v6-m\libg_nano.a(lib_a-makebuf.o)
                0x00001c28                __swhatbuf_r
 .text.__smakebuf_r
                0x00001c78       0x88 e:/nueclipse/6 2017-q1-update/bin/../lib/gcc/arm-none-eabi/6.3.1/../../../../arm-none-eabi/lib/thumb/v6-m\libg_nano.a(lib_a-makebuf.o)
                0x00001c78                __smakebuf_r
 .text.__malloc_lock
                0x00001d00        0x2 e:/nueclipse/6 2017-q1-update/bin/../lib/gcc/arm-none-eabi/6.3.1/../../../../arm-none-eabi/lib/thumb/v6-m\libg_nano.a(lib_a-mlock.o)
                0x00001d00                __malloc_lock
 .text.__malloc_unlock
                0x00001d02        0x2 e:/nueclipse/6 2017-q1-update/bin/../lib/gcc/arm-none-eabi/6.3.1/../../../../arm-none-eabi/lib/thumb/v6-m\libg_nano.a(lib_a-mlock.o)
                0x00001d02                __malloc_unlock
 .text.__sfputc_r
                0x00001d04       0x2a e:/nueclipse/6 2017-q1-update/bin/../lib/gcc/arm-none-eabi/6.3.1/../../../../arm-none-eabi/lib/thumb/v6-m\libg_nano.a(lib_a-nano-vfprintf.o)
 .text.__sfputs_r
                0x00001d2e       0x24 e:/nueclipse/6 2017-q1-update/bin/../lib/gcc/arm-none-eabi/6.3.1/../../../../arm-none-eabi/lib/thumb/v6-m\libg_nano.a(lib_a-nano-vfprintf.o)
                0x00001d2e                __sfputs_r
 *fill*         0x00001d52        0x2 
 .text._vfprintf_r
                0x00001d54      0x238 e:/nueclipse/6 2017-q1-update/bin/../lib/gcc/arm-none-eabi/6.3.1/../../../../arm-none-eabi/lib/thumb/v6-m\libg_nano.a(lib_a-nano-vfprintf.o)
                0x00001d54                _vfprintf_r
                0x00001d54                _vfiprintf_r
 .text._printf_common
                0x00001f8c       0xda e:/nueclipse/6 2017-q1-update/bin/../lib/gcc/arm-none-eabi/6.3.1/../../../../arm-none-eabi/lib/thumb/v6-m\libg_nano.a(lib_a-nano-vfprintf_i.o)
                0x00001f8c                _printf_common
 *fill*         0x00002066        0x2 
 .text._printf_i
                0x00002068      0x234 e:/nueclipse/6 2017-q1-update/bin/../lib/gcc/arm-none-eabi/6.3.1/../../../../arm-none-eabi/lib/thumb/v6-m\libg_nano.a(lib_a-nano-vfprintf_i.o)
                0x00002068                _printf_i
 .text.__sread  0x0000229c       0x28 e:/nueclipse/6 2017-q1-update/bin/../lib/gcc/arm-none-eabi/6.3.1/../../../../arm-none-eabi/lib/thumb/v6-m\libg_nano.a(lib_a-stdio.o)
                0x0000229c                __sread
 .text.__swrite
                0x000022c4       0x38 e:/nueclipse/6 2017-q1-update/bin/../lib/gcc/arm-none-eabi/6.3.1/../../../../arm-none-eabi/lib/thumb/v6-m\libg_nano.a(lib_a-stdio.o)
                0x000022c4                __swrite
 .text.__sseek  0x000022fc       0x2c e:/nueclipse/6 2017-q1-update/bin/../lib/gcc/arm-none-eabi/6.3.1/../../../../arm-none-eabi/lib/thumb/v6-m\libg_nano.a(lib_a-stdio.o)
                0x000022fc                __sseek
 .text.__sclose
                0x00002328        0xc e:/nueclipse/6 2017-q1-update/bin/../lib/gcc/arm-none-eabi/6.3.1/../../../../arm-none-eabi/lib/thumb/v6-m\libg_nano.a(lib_a-stdio.o)
                0x00002328                __sclose
 .text._write_r
                0x00002334       0x28 e:/nueclipse/6 2017-q1-update/bin/../lib/gcc/arm-none-eabi/6.3.1/../../../../arm-none-eabi/lib/thumb/v6-m\libg_nano.a(lib_a-writer.o)
                0x00002334                _write_r
 .text._close_r
                0x0000235c       0x24 e:/nueclipse/6 2017-q1-update/bin/../lib/gcc/arm-none-eabi/6.3.1/../../../../arm-none-eabi/lib/thumb/v6-m\libg_nano.a(lib_a-closer.o)
                0x0000235c                _close_r
 .text._fstat_r
                0x00002380       0x24 e:/nueclipse/6 2017-q1-update/bin/../lib/gcc/arm-none-eabi/6.3.1/../../../../arm-none-eabi/lib/thumb/v6-m\libg_nano.a(lib_a-fstatr.o)
                0x00002380                _fstat_r
 .text._isatty_r
                0x000023a4       0x24 e:/nueclipse/6 2017-q1-update/bin/../lib/gcc/arm-none-eabi/6.3.1/../../../../arm-none-eabi/lib/thumb/v6-m\libg_nano.a(lib_a-isattyr.o)
                0x000023a4                _isatty_r
 .text._lseek_r
                0x000023c8       0x28 e:/nueclipse/6 2017-q1-update/bin/../lib/gcc/arm-none-eabi/6.3.1/../../../../arm-none-eabi/lib/thumb/v6-m\libg_nano.a(lib_a-lseekr.o)
                0x000023c8                _lseek_r
 .text.memchr   0x000023f0       0x16 e:/nueclipse/6 2017-q1-update/bin/../lib/gcc/arm-none-eabi/6.3.1/../../../../arm-none-eabi/lib/thumb/v6-m\libg_nano.a(lib_a-memchr-stub.o)
                0x000023f0                memchr
 *fill*         0x00002406        0x2 
 .text._read_r  0x00002408       0x28 e:/nueclipse/6 2017-q1-update/bin/../lib/gcc/arm-none-eabi/6.3.1/../../../../arm-none-eabi/lib/thumb/v6-m\libg_nano.a(lib_a-readr.o)
                0x00002408                _read_r
 .text._sbrk    0x00002430       0x1c e:/nueclipse/6 2017-q1-update/bin/../lib/gcc/arm-none-eabi/6.3.1/../../../../arm-none-eabi/lib/thumb/v6-m\libnosys.a(sbrk.o)
                0x00002430                _sbrk
 .text._exit    0x0000244c        0x4 e:/nueclipse/6 2017-q1-update/bin/../lib/gcc/arm-none-eabi/6.3.1/../../../../arm-none-eabi/lib/thumb/v6-m\libnosys.a(_exit.o)
                0x0000244c                _exit
 *(.init)
 .init          0x00002450        0x4 e:/nueclipse/6 2017-q1-update/bin/../lib/gcc/arm-none-eabi/6.3.1/thumb/v6-m/crti.o
                0x00002450                _init
 .init          0x00002454        0x8 e:/nueclipse/6 2017-q1-update/bin/../lib/gcc/arm-none-eabi/6.3.1/thumb/v6-m/crtn.o
 *(.fini)
 .fini          0x0000245c        0x4 e:/nueclipse/6 2017-q1-update/bin/../lib/gcc/arm-none-eabi/6.3.1/thumb/v6-m/crti.o
                0x0000245c                _fini
 .fini          0x00002460        0x8 e:/nueclipse/6 2017-q1-update/bin/../lib/gcc/arm-none-eabi/6.3.1/thumb/v6-m/crtn.o
 *crtbegin.o(.ctors)
 *crtbegin?.o(.ctors)
 *(EXCLUDE_FILE(*crtend.o *crtend?.o) .ctors)
 *(SORT(.ctors.*))
 *(.ctors)
 *crtbegin.o(.dtors)
 *crtbegin?.o(.dtors)
 *(EXCLUDE_FILE(*crtend.o *crtend?.o) .dtors)
 *(SORT(.dtors.*))
 *(.dtors)
 *(.rodata*)
 .rodata.digit_char
                0x00002468        0xa ./User/util/string/string_util.o
 *fill*         0x00002472        0x2 
 .rodata.rs485_parse_data.str1.4
                0x00002474        0x2 ./User/service/rs485_slave/rs485_slave.o
 *fill*         0x00002476        0x2 
 .rodata.ntc_lookups
                0x00002478       0xca ./User/app/peripheral_init/peripheral_init.o
 *fill*         0x00002542        0x2 
 .rodata.rs485_slave_check_master_command
                0x00002544       0x30 ./User/main.o
 .rodata        0x00002574       0x1c ./Library/StdDriver/src/clk.o
 .rodata.Hard_Fault_Handler.str1.4
                0x00002590       0x16 ./Library/StdDriver/src/retarget.o
 *fill*         0x000025a6        0x2 
 .rodata.stackDump.str1.4
                0x000025a8       0x60 ./Library/StdDriver/src/retarget.o
 .rodata        0x00002608       0x20 ./Library/StdDriver/src/timer.o
 .rodata        0x00002628       0x18 ./Library/StdDriver/src/uart.o
 .rodata.gau32ClkSrcTbl
                0x00002640       0x20 ./CMSIS/system_M0A21.o
                0x00002640                gau32ClkSrcTbl
 .rodata._global_impure_ptr
                0x00002660        0x4 e:/nueclipse/6 2017-q1-update/bin/../lib/gcc/arm-none-eabi/6.3.1/../../../../arm-none-eabi/lib/thumb/v6-m\libg_nano.a(lib_a-impure.o)
                0x00002660                _global_impure_ptr
 .rodata.__sf_fake_stderr
                0x00002664       0x20 e:/nueclipse/6 2017-q1-update/bin/../lib/gcc/arm-none-eabi/6.3.1/../../../../arm-none-eabi/lib/thumb/v6-m\libg_nano.a(lib_a-findfp.o)
                0x00002664                __sf_fake_stderr
 .rodata.__sf_fake_stdin
                0x00002684       0x20 e:/nueclipse/6 2017-q1-update/bin/../lib/gcc/arm-none-eabi/6.3.1/../../../../arm-none-eabi/lib/thumb/v6-m\libg_nano.a(lib_a-findfp.o)
                0x00002684                __sf_fake_stdin
 .rodata.__sf_fake_stdout
                0x000026a4       0x20 e:/nueclipse/6 2017-q1-update/bin/../lib/gcc/arm-none-eabi/6.3.1/../../../../arm-none-eabi/lib/thumb/v6-m\libg_nano.a(lib_a-findfp.o)
                0x000026a4                __sf_fake_stdout
 .rodata._vfprintf_r.str1.1
                0x000026c4       0x11 e:/nueclipse/6 2017-q1-update/bin/../lib/gcc/arm-none-eabi/6.3.1/../../../../arm-none-eabi/lib/thumb/v6-m\libg_nano.a(lib_a-nano-vfprintf.o)
 .rodata._printf_i.str1.1
                0x000026d5       0x22 e:/nueclipse/6 2017-q1-update/bin/../lib/gcc/arm-none-eabi/6.3.1/../../../../arm-none-eabi/lib/thumb/v6-m\libg_nano.a(lib_a-nano-vfprintf_i.o)
 *(.eh_frame*)
 *fill*         0x000026f7        0x1 
 .eh_frame      0x000026f8        0x0 e:/nueclipse/6 2017-q1-update/bin/../lib/gcc/arm-none-eabi/6.3.1/thumb/v6-m/crtbegin.o
 .eh_frame      0x000026f8        0x4 e:/nueclipse/6 2017-q1-update/bin/../lib/gcc/arm-none-eabi/6.3.1/thumb/v6-m/crtend.o

.glue_7         0x000026fc        0x0
 .glue_7        0x000026fc        0x0 linker stubs

.glue_7t        0x000026fc        0x0
 .glue_7t       0x000026fc        0x0 linker stubs

.vfp11_veneer   0x000026fc        0x0
 .vfp11_veneer  0x000026fc        0x0 linker stubs

.v4_bx          0x000026fc        0x0
 .v4_bx         0x000026fc        0x0 linker stubs

.iplt           0x000026fc        0x0
 .iplt          0x000026fc        0x0 e:/nueclipse/6 2017-q1-update/bin/../lib/gcc/arm-none-eabi/6.3.1/thumb/v6-m/crtbegin.o

.ARM.extab
 *(.ARM.extab* .gnu.linkonce.armextab.*)
                0x000026fc                __exidx_start = .

.ARM.exidx      0x000026fc        0x8
 *(.ARM.exidx* .gnu.linkonce.armexidx.*)
 .ARM.exidx     0x000026fc        0x8 e:/nueclipse/6 2017-q1-update/bin/../lib/gcc/arm-none-eabi/6.3.1/../../../../arm-none-eabi/lib/thumb/v6-m/crt0.o
                0x00002704                __exidx_end = .
                0x00002704                __etext = .

.rel.dyn        0x00002704        0x0
 .rel.iplt      0x00002704        0x0 e:/nueclipse/6 2017-q1-update/bin/../lib/gcc/arm-none-eabi/6.3.1/thumb/v6-m/crtbegin.o

.data           0x20000000       0x7c load address 0x00002704
                0x20000000                __data_start__ = .
 *(vtable)
 *(.data*)
 .data.blink_time_interval_ms
                0x20000000        0x2 ./User/main.o
 *fill*         0x20000002        0x2 
 .data.CyclesPerUs
                0x20000004        0x4 ./CMSIS/system_M0A21.o
                0x20000004                CyclesPerUs
 .data.SystemCoreClock
                0x20000008        0x4 ./CMSIS/system_M0A21.o
                0x20000008                SystemCoreClock
 .data._impure_ptr
                0x2000000c        0x4 e:/nueclipse/6 2017-q1-update/bin/../lib/gcc/arm-none-eabi/6.3.1/../../../../arm-none-eabi/lib/thumb/v6-m\libg_nano.a(lib_a-impure.o)
                0x2000000c                _impure_ptr
 .data.impure_data
                0x20000010       0x60 e:/nueclipse/6 2017-q1-update/bin/../lib/gcc/arm-none-eabi/6.3.1/../../../../arm-none-eabi/lib/thumb/v6-m\libg_nano.a(lib_a-impure.o)
                0x20000070                . = ALIGN (0x4)
                0x20000070                PROVIDE (__preinit_array_start, .)
 *(.preinit_array)
                0x20000070                PROVIDE (__preinit_array_end, .)
                0x20000070                . = ALIGN (0x4)
                0x20000070                PROVIDE (__init_array_start, .)
 *(SORT(.init_array.*))
 *(.init_array)
 .init_array    0x20000070        0x4 e:/nueclipse/6 2017-q1-update/bin/../lib/gcc/arm-none-eabi/6.3.1/thumb/v6-m/crtbegin.o
                0x20000074                PROVIDE (__init_array_end, .)
                0x20000074                . = ALIGN (0x4)
                [!provide]                PROVIDE (__fini_array_start, .)
 *(SORT(.fini_array.*))
 *(.fini_array)
 .fini_array    0x20000074        0x4 e:/nueclipse/6 2017-q1-update/bin/../lib/gcc/arm-none-eabi/6.3.1/thumb/v6-m/crtbegin.o
                [!provide]                PROVIDE (__fini_array_end, .)
 *(.jcr*)
 .jcr           0x20000078        0x0 e:/nueclipse/6 2017-q1-update/bin/../lib/gcc/arm-none-eabi/6.3.1/thumb/v6-m/crtbegin.o
 .jcr           0x20000078        0x4 e:/nueclipse/6 2017-q1-update/bin/../lib/gcc/arm-none-eabi/6.3.1/thumb/v6-m/crtend.o
                0x2000007c                . = ALIGN (0x4)
                0x2000007c                __data_end__ = .

.igot.plt       0x2000007c        0x0 load address 0x00002780
 .igot.plt      0x2000007c        0x0 e:/nueclipse/6 2017-q1-update/bin/../lib/gcc/arm-none-eabi/6.3.1/thumb/v6-m/crtbegin.o

.bss            0x2000007c       0xfc load address 0x00002780
                0x2000007c                . = ALIGN (0x4)
                0x2000007c                __bss_start__ = .
 *(.bss*)
 .bss           0x2000007c       0x1c e:/nueclipse/6 2017-q1-update/bin/../lib/gcc/arm-none-eabi/6.3.1/thumb/v6-m/crtbegin.o
 .bss.stable_cnt
                0x20000098        0x2 ./User/main.o
 *fill*         0x2000009a        0x2 
 .bss.sys_timestamp
                0x2000009c        0x4 ./User/main.o
 .bss.__malloc_free_list
                0x200000a0        0x4 e:/nueclipse/6 2017-q1-update/bin/../lib/gcc/arm-none-eabi/6.3.1/../../../../arm-none-eabi/lib/thumb/v6-m\libg_nano.a(lib_a-nano-mallocr.o)
                0x200000a0                __malloc_free_list
 .bss.__malloc_sbrk_start
                0x200000a4        0x4 e:/nueclipse/6 2017-q1-update/bin/../lib/gcc/arm-none-eabi/6.3.1/../../../../arm-none-eabi/lib/thumb/v6-m\libg_nano.a(lib_a-nano-mallocr.o)
                0x200000a4                __malloc_sbrk_start
 .bss.heap_end.4116
                0x200000a8        0x4 e:/nueclipse/6 2017-q1-update/bin/../lib/gcc/arm-none-eabi/6.3.1/../../../../arm-none-eabi/lib/thumb/v6-m\libnosys.a(sbrk.o)
 *(COMMON)
 COMMON         0x200000ac        0x8 ./User/board/nuvoton_bsp/uart_hw/uart_hw.o
                0x200000ac                uart
 COMMON         0x200000b4        0x3 ./User/board/nuvoton_bsp/cabinet_slave_hw/cabinet_slave_hw.o
                0x200000b4                door_state
                0x200000b5                slave_address
                0x200000b6                door_state1
 *fill*         0x200000b7        0x1 
 COMMON         0x200000b8        0xc ./User/board/nuvoton_bsp/adc_hw/adc_hw.o
                0x200000b8                ntc
 COMMON         0x200000c4       0xb0 ./User/main.o
                0x200000c4                selex_bss_app
 COMMON         0x20000174        0x4 ./CMSIS/GCC/_syscalls.o
                0x20000174                errno
                0x20000178                . = ALIGN (0x4)
                0x20000178                __bss_end__ = .

.heap           0x20000178      0x100
                0x20000178                __HeapBase = .
                0x20000178                __end__ = .
                0x20000178                end = __end__
 *(.heap*)
 .heap          0x20000178      0x100 ./CMSIS/GCC/startup_M0A21.o
                0x20000278                __HeapLimit = .

.stack_dummy    0x20000178      0x200
 *(.stack*)
 .stack         0x20000178      0x200 ./CMSIS/GCC/startup_M0A21.o
                0x20001000                __StackTop = (ORIGIN (RAM) + LENGTH (RAM))
                0x20000e00                __StackLimit = (__StackTop - SIZEOF (.stack_dummy))
                0x20001000                PROVIDE (__stack, __StackTop)
                0x00000001                ASSERT ((__StackLimit >= __HeapLimit), region RAM overflowed with stack)
OUTPUT(HelloWorld.elf elf32-littlearm)

.ARM.attributes
                0x00000000       0x28
 .ARM.attributes
                0x00000000       0x1e e:/nueclipse/6 2017-q1-update/bin/../lib/gcc/arm-none-eabi/6.3.1/thumb/v6-m/crti.o
 .ARM.attributes
                0x0000001e       0x2c e:/nueclipse/6 2017-q1-update/bin/../lib/gcc/arm-none-eabi/6.3.1/thumb/v6-m/crtbegin.o
 .ARM.attributes
                0x0000004a       0x1b e:/nueclipse/6 2017-q1-update/bin/../lib/gcc/arm-none-eabi/6.3.1/../../../../arm-none-eabi/lib/thumb/v6-m/crt0.o
 .ARM.attributes
                0x00000065       0x31 ./User/util/string/string_util.o
 .ARM.attributes
                0x00000096       0x31 ./User/service/rs485_slave/rs485_slave.o
 .ARM.attributes
                0x000000c7       0x31 ./User/components/switch/switch.o
 .ARM.attributes
                0x000000f8       0x31 ./User/components/rgb_led/rgb_led.o
 .ARM.attributes
                0x00000129       0x31 ./User/components/ntc/ntc.o
 .ARM.attributes
                0x0000015a       0x31 ./User/components/adc_sensor/adc_sensor.o
 .ARM.attributes
                0x0000018b       0x31 ./User/board/nuvoton_bsp/uart_hw/uart_hw.o
 .ARM.attributes
                0x000001bc       0x31 ./User/board/nuvoton_bsp/core_hw/core_hw.o
 .ARM.attributes
                0x000001ed       0x31 ./User/board/nuvoton_bsp/cabinet_slave_hw/cabinet_slave_hw.o
 .ARM.attributes
                0x0000021e       0x31 ./User/board/nuvoton_bsp/adc_hw/adc_hw.o
 .ARM.attributes
                0x0000024f       0x31 ./User/board/board.o
 .ARM.attributes
                0x00000280       0x31 ./User/app/peripheral_init/peripheral_init.o
 .ARM.attributes
                0x000002b1       0x31 ./User/app/cabinet_slave_app/cabinet_slave_app.o
 .ARM.attributes
                0x000002e2       0x31 ./User/main.o
 .ARM.attributes
                0x00000313       0x31 ./Library/StdDriver/src/clk.o
 .ARM.attributes
                0x00000344       0x31 ./Library/StdDriver/src/gpio.o
 .ARM.attributes
                0x00000375       0x31 ./Library/StdDriver/src/retarget.o
 .ARM.attributes
                0x000003a6       0x31 ./Library/StdDriver/src/sys.o
 .ARM.attributes
                0x000003d7       0x31 ./Library/StdDriver/src/timer.o
 .ARM.attributes
                0x00000408       0x31 ./Library/StdDriver/src/uart.o
 .ARM.attributes
                0x00000439       0x31 ./CMSIS/GCC/_syscalls.o
 .ARM.attributes
                0x0000046a       0x1b ./CMSIS/GCC/startup_M0A21.o
 .ARM.attributes
                0x00000485       0x31 ./CMSIS/system_M0A21.o
 .ARM.attributes
                0x000004b6       0x1e e:/nueclipse/6 2017-q1-update/bin/../lib/gcc/arm-none-eabi/6.3.1/thumb/v6-m\libgcc.a(_udivsi3.o)
 .ARM.attributes
                0x000004d4       0x1e e:/nueclipse/6 2017-q1-update/bin/../lib/gcc/arm-none-eabi/6.3.1/thumb/v6-m\libgcc.a(_dvmd_tls.o)
 .ARM.attributes
                0x000004f2       0x2c e:/nueclipse/6 2017-q1-update/bin/../lib/gcc/arm-none-eabi/6.3.1/../../../../arm-none-eabi/lib/thumb/v6-m\libg_nano.a(lib_a-errno.o)
 .ARM.attributes
                0x0000051e       0x2c e:/nueclipse/6 2017-q1-update/bin/../lib/gcc/arm-none-eabi/6.3.1/../../../../arm-none-eabi/lib/thumb/v6-m\libg_nano.a(lib_a-exit.o)
 .ARM.attributes
                0x0000054a       0x2c e:/nueclipse/6 2017-q1-update/bin/../lib/gcc/arm-none-eabi/6.3.1/../../../../arm-none-eabi/lib/thumb/v6-m\libg_nano.a(lib_a-impure.o)
 .ARM.attributes
                0x00000576       0x2c e:/nueclipse/6 2017-q1-update/bin/../lib/gcc/arm-none-eabi/6.3.1/../../../../arm-none-eabi/lib/thumb/v6-m\libg_nano.a(lib_a-init.o)
 .ARM.attributes
                0x000005a2       0x2c e:/nueclipse/6 2017-q1-update/bin/../lib/gcc/arm-none-eabi/6.3.1/../../../../arm-none-eabi/lib/thumb/v6-m\libg_nano.a(lib_a-malloc.o)
 .ARM.attributes
                0x000005ce       0x2c e:/nueclipse/6 2017-q1-update/bin/../lib/gcc/arm-none-eabi/6.3.1/../../../../arm-none-eabi/lib/thumb/v6-m\libg_nano.a(lib_a-memset.o)
 .ARM.attributes
                0x000005fa       0x2c e:/nueclipse/6 2017-q1-update/bin/../lib/gcc/arm-none-eabi/6.3.1/../../../../arm-none-eabi/lib/thumb/v6-m\libg_nano.a(lib_a-nano-freer.o)
 .ARM.attributes
                0x00000626       0x2c e:/nueclipse/6 2017-q1-update/bin/../lib/gcc/arm-none-eabi/6.3.1/../../../../arm-none-eabi/lib/thumb/v6-m\libg_nano.a(lib_a-nano-mallocr.o)
 .ARM.attributes
                0x00000652       0x2c e:/nueclipse/6 2017-q1-update/bin/../lib/gcc/arm-none-eabi/6.3.1/../../../../arm-none-eabi/lib/thumb/v6-m\libg_nano.a(lib_a-printf.o)
 .ARM.attributes
                0x0000067e       0x2c e:/nueclipse/6 2017-q1-update/bin/../lib/gcc/arm-none-eabi/6.3.1/../../../../arm-none-eabi/lib/thumb/v6-m\libg_nano.a(lib_a-puts.o)
 .ARM.attributes
                0x000006aa       0x2c e:/nueclipse/6 2017-q1-update/bin/../lib/gcc/arm-none-eabi/6.3.1/../../../../arm-none-eabi/lib/thumb/v6-m\libg_nano.a(lib_a-sbrkr.o)
 .ARM.attributes
                0x000006d6       0x1c e:/nueclipse/6 2017-q1-update/bin/../lib/gcc/arm-none-eabi/6.3.1/../../../../arm-none-eabi/lib/thumb/v6-m\libg_nano.a(lib_a-strlen.o)
 .ARM.attributes
                0x000006f2       0x2c e:/nueclipse/6 2017-q1-update/bin/../lib/gcc/arm-none-eabi/6.3.1/../../../../arm-none-eabi/lib/thumb/v6-m\libg_nano.a(lib_a-strtok.o)
 .ARM.attributes
                0x0000071e       0x2c e:/nueclipse/6 2017-q1-update/bin/../lib/gcc/arm-none-eabi/6.3.1/../../../../arm-none-eabi/lib/thumb/v6-m\libg_nano.a(lib_a-strtok_r.o)
 .ARM.attributes
                0x0000074a       0x2c e:/nueclipse/6 2017-q1-update/bin/../lib/gcc/arm-none-eabi/6.3.1/../../../../arm-none-eabi/lib/thumb/v6-m\libg_nano.a(lib_a-wbuf.o)
 .ARM.attributes
                0x00000776       0x2c e:/nueclipse/6 2017-q1-update/bin/../lib/gcc/arm-none-eabi/6.3.1/../../../../arm-none-eabi/lib/thumb/v6-m\libg_nano.a(lib_a-wsetup.o)
 .ARM.attributes
                0x000007a2       0x2c e:/nueclipse/6 2017-q1-update/bin/../lib/gcc/arm-none-eabi/6.3.1/../../../../arm-none-eabi/lib/thumb/v6-m\libg_nano.a(lib_a-fflush.o)
 .ARM.attributes
                0x000007ce       0x2c e:/nueclipse/6 2017-q1-update/bin/../lib/gcc/arm-none-eabi/6.3.1/../../../../arm-none-eabi/lib/thumb/v6-m\libg_nano.a(lib_a-findfp.o)
 .ARM.attributes
                0x000007fa       0x2c e:/nueclipse/6 2017-q1-update/bin/../lib/gcc/arm-none-eabi/6.3.1/../../../../arm-none-eabi/lib/thumb/v6-m\libg_nano.a(lib_a-fwalk.o)
 .ARM.attributes
                0x00000826       0x2c e:/nueclipse/6 2017-q1-update/bin/../lib/gcc/arm-none-eabi/6.3.1/../../../../arm-none-eabi/lib/thumb/v6-m\libg_nano.a(lib_a-makebuf.o)
 .ARM.attributes
                0x00000852       0x2c e:/nueclipse/6 2017-q1-update/bin/../lib/gcc/arm-none-eabi/6.3.1/../../../../arm-none-eabi/lib/thumb/v6-m\libg_nano.a(lib_a-mlock.o)
 .ARM.attributes
                0x0000087e       0x2c e:/nueclipse/6 2017-q1-update/bin/../lib/gcc/arm-none-eabi/6.3.1/../../../../arm-none-eabi/lib/thumb/v6-m\libg_nano.a(lib_a-nano-vfprintf.o)
 .ARM.attributes
                0x000008aa       0x2c e:/nueclipse/6 2017-q1-update/bin/../lib/gcc/arm-none-eabi/6.3.1/../../../../arm-none-eabi/lib/thumb/v6-m\libg_nano.a(lib_a-nano-vfprintf_i.o)
 .ARM.attributes
                0x000008d6       0x2c e:/nueclipse/6 2017-q1-update/bin/../lib/gcc/arm-none-eabi/6.3.1/../../../../arm-none-eabi/lib/thumb/v6-m\libg_nano.a(lib_a-stdio.o)
 .ARM.attributes
                0x00000902       0x2c e:/nueclipse/6 2017-q1-update/bin/../lib/gcc/arm-none-eabi/6.3.1/../../../../arm-none-eabi/lib/thumb/v6-m\libg_nano.a(lib_a-writer.o)
 .ARM.attributes
                0x0000092e       0x2c e:/nueclipse/6 2017-q1-update/bin/../lib/gcc/arm-none-eabi/6.3.1/../../../../arm-none-eabi/lib/thumb/v6-m\libg_nano.a(lib_a-closer.o)
 .ARM.attributes
                0x0000095a       0x2c e:/nueclipse/6 2017-q1-update/bin/../lib/gcc/arm-none-eabi/6.3.1/../../../../arm-none-eabi/lib/thumb/v6-m\libg_nano.a(lib_a-fstatr.o)
 .ARM.attributes
                0x00000986       0x2c e:/nueclipse/6 2017-q1-update/bin/../lib/gcc/arm-none-eabi/6.3.1/../../../../arm-none-eabi/lib/thumb/v6-m\libg_nano.a(lib_a-isattyr.o)
 .ARM.attributes
                0x000009b2       0x2c e:/nueclipse/6 2017-q1-update/bin/../lib/gcc/arm-none-eabi/6.3.1/../../../../arm-none-eabi/lib/thumb/v6-m\libg_nano.a(lib_a-lseekr.o)
 .ARM.attributes
                0x000009de       0x2c e:/nueclipse/6 2017-q1-update/bin/../lib/gcc/arm-none-eabi/6.3.1/../../../../arm-none-eabi/lib/thumb/v6-m\libg_nano.a(lib_a-memchr-stub.o)
 .ARM.attributes
                0x00000a0a       0x2c e:/nueclipse/6 2017-q1-update/bin/../lib/gcc/arm-none-eabi/6.3.1/../../../../arm-none-eabi/lib/thumb/v6-m\libg_nano.a(lib_a-readr.o)
 .ARM.attributes
                0x00000a36       0x2c e:/nueclipse/6 2017-q1-update/bin/../lib/gcc/arm-none-eabi/6.3.1/thumb/v6-m/crtend.o
 .ARM.attributes
                0x00000a62       0x1e e:/nueclipse/6 2017-q1-update/bin/../lib/gcc/arm-none-eabi/6.3.1/thumb/v6-m/crtn.o
 .ARM.attributes
                0x00000a80       0x2c e:/nueclipse/6 2017-q1-update/bin/../lib/gcc/arm-none-eabi/6.3.1/../../../../arm-none-eabi/lib/thumb/v6-m\libnosys.a(sbrk.o)
 .ARM.attributes
                0x00000aac       0x2c e:/nueclipse/6 2017-q1-update/bin/../lib/gcc/arm-none-eabi/6.3.1/../../../../arm-none-eabi/lib/thumb/v6-m\libnosys.a(_exit.o)

.comment        0x00000000       0x7f
 .comment       0x00000000       0x7f ./User/util/string/string_util.o
                                 0x80 (size before relaxing)
 .comment       0x0000007f       0x80 ./User/service/rs485_slave/rs485_slave.o
 .comment       0x0000007f       0x80 ./User/components/switch/switch.o
 .comment       0x0000007f       0x80 ./User/components/rgb_led/rgb_led.o
 .comment       0x0000007f       0x80 ./User/components/ntc/ntc.o
 .comment       0x0000007f       0x80 ./User/components/adc_sensor/adc_sensor.o
 .comment       0x0000007f       0x80 ./User/board/nuvoton_bsp/uart_hw/uart_hw.o
 .comment       0x0000007f       0x80 ./User/board/nuvoton_bsp/core_hw/core_hw.o
 .comment       0x0000007f       0x80 ./User/board/nuvoton_bsp/cabinet_slave_hw/cabinet_slave_hw.o
 .comment       0x0000007f       0x80 ./User/board/nuvoton_bsp/adc_hw/adc_hw.o
 .comment       0x0000007f       0x80 ./User/board/board.o
 .comment       0x0000007f       0x80 ./User/app/peripheral_init/peripheral_init.o
 .comment       0x0000007f       0x80 ./User/app/cabinet_slave_app/cabinet_slave_app.o
 .comment       0x0000007f       0x80 ./User/main.o
 .comment       0x0000007f       0x80 ./Library/StdDriver/src/clk.o
 .comment       0x0000007f       0x80 ./Library/StdDriver/src/gpio.o
 .comment       0x0000007f       0x80 ./Library/StdDriver/src/retarget.o
 .comment       0x0000007f       0x80 ./Library/StdDriver/src/sys.o
 .comment       0x0000007f       0x80 ./Library/StdDriver/src/timer.o
 .comment       0x0000007f       0x80 ./Library/StdDriver/src/uart.o
 .comment       0x0000007f       0x80 ./CMSIS/GCC/_syscalls.o
 .comment       0x0000007f       0x80 ./CMSIS/system_M0A21.o

.debug_info     0x00000000    0x10f05
 .debug_info    0x00000000      0xc32 ./User/util/string/string_util.o
 .debug_info    0x00000c32      0xdc9 ./User/service/rs485_slave/rs485_slave.o
 .debug_info    0x000019fb      0xa49 ./User/components/switch/switch.o
 .debug_info    0x00002444      0xb3b ./User/components/rgb_led/rgb_led.o
 .debug_info    0x00002f7f      0xc12 ./User/components/ntc/ntc.o
 .debug_info    0x00003b91      0x9e9 ./User/components/adc_sensor/adc_sensor.o
 .debug_info    0x0000457a     0x1144 ./User/board/nuvoton_bsp/uart_hw/uart_hw.o
 .debug_info    0x000056be     0x1245 ./User/board/nuvoton_bsp/core_hw/core_hw.o
 .debug_info    0x00006903      0x38e ./User/board/nuvoton_bsp/cabinet_slave_hw/cabinet_slave_hw.o
 .debug_info    0x00006c91      0x94f ./User/board/nuvoton_bsp/adc_hw/adc_hw.o
 .debug_info    0x000075e0      0xfce ./User/board/board.o
 .debug_info    0x000085ae     0x1322 ./User/app/peripheral_init/peripheral_init.o
 .debug_info    0x000098d0      0xf43 ./User/app/cabinet_slave_app/cabinet_slave_app.o
 .debug_info    0x0000a813     0x13c1 ./User/main.o
 .debug_info    0x0000bbd4      0xa13 ./Library/StdDriver/src/clk.o
 .debug_info    0x0000c5e7      0x26c ./Library/StdDriver/src/gpio.o
 .debug_info    0x0000c853      0xd93 ./Library/StdDriver/src/retarget.o
 .debug_info    0x0000d5e6      0x4be ./Library/StdDriver/src/sys.o
 .debug_info    0x0000daa4      0x63d ./Library/StdDriver/src/timer.o
 .debug_info    0x0000e0e1     0x10ce ./Library/StdDriver/src/uart.o
 .debug_info    0x0000f1af     0x11bb ./CMSIS/GCC/_syscalls.o
 .debug_info    0x0001036a       0x7a ./CMSIS/GCC/startup_M0A21.o
 .debug_info    0x000103e4      0xb21 ./CMSIS/system_M0A21.o

.debug_abbrev   0x00000000     0x330e
 .debug_abbrev  0x00000000      0x2a9 ./User/util/string/string_util.o
 .debug_abbrev  0x000002a9      0x292 ./User/service/rs485_slave/rs485_slave.o
 .debug_abbrev  0x0000053b      0x275 ./User/components/switch/switch.o
 .debug_abbrev  0x000007b0      0x237 ./User/components/rgb_led/rgb_led.o
 .debug_abbrev  0x000009e7      0x2f0 ./User/components/ntc/ntc.o
 .debug_abbrev  0x00000cd7      0x1ee ./User/components/adc_sensor/adc_sensor.o
 .debug_abbrev  0x00000ec5      0x302 ./User/board/nuvoton_bsp/uart_hw/uart_hw.o
 .debug_abbrev  0x000011c7      0x2e4 ./User/board/nuvoton_bsp/core_hw/core_hw.o
 .debug_abbrev  0x000014ab      0x112 ./User/board/nuvoton_bsp/cabinet_slave_hw/cabinet_slave_hw.o
 .debug_abbrev  0x000015bd      0x1c5 ./User/board/nuvoton_bsp/adc_hw/adc_hw.o
 .debug_abbrev  0x00001782      0x2b5 ./User/board/board.o
 .debug_abbrev  0x00001a37      0x314 ./User/app/peripheral_init/peripheral_init.o
 .debug_abbrev  0x00001d4b      0x1f9 ./User/app/cabinet_slave_app/cabinet_slave_app.o
 .debug_abbrev  0x00001f44      0x303 ./User/main.o
 .debug_abbrev  0x00002247      0x228 ./Library/StdDriver/src/clk.o
 .debug_abbrev  0x0000246f       0xfb ./Library/StdDriver/src/gpio.o
 .debug_abbrev  0x0000256a      0x345 ./Library/StdDriver/src/retarget.o
 .debug_abbrev  0x000028af      0x122 ./Library/StdDriver/src/sys.o
 .debug_abbrev  0x000029d1      0x1da ./Library/StdDriver/src/timer.o
 .debug_abbrev  0x00002bab      0x2d3 ./Library/StdDriver/src/uart.o
 .debug_abbrev  0x00002e7e      0x289 ./CMSIS/GCC/_syscalls.o
 .debug_abbrev  0x00003107       0x14 ./CMSIS/GCC/startup_M0A21.o
 .debug_abbrev  0x0000311b      0x1f3 ./CMSIS/system_M0A21.o

.debug_loc      0x00000000     0x23a3
 .debug_loc     0x00000000      0x34f ./User/util/string/string_util.o
 .debug_loc     0x0000034f      0x2c0 ./User/service/rs485_slave/rs485_slave.o
 .debug_loc     0x0000060f       0xb6 ./User/components/switch/switch.o
 .debug_loc     0x000006c5       0xab ./User/components/rgb_led/rgb_led.o
 .debug_loc     0x00000770      0x108 ./User/components/ntc/ntc.o
 .debug_loc     0x00000878       0x2c ./User/components/adc_sensor/adc_sensor.o
 .debug_loc     0x000008a4       0x90 ./User/board/nuvoton_bsp/uart_hw/uart_hw.o
 .debug_loc     0x00000934       0xb0 ./User/board/nuvoton_bsp/core_hw/core_hw.o
 .debug_loc     0x000009e4       0x3c ./User/board/board.o
 .debug_loc     0x00000a20      0x1e6 ./User/app/peripheral_init/peripheral_init.o
 .debug_loc     0x00000c06      0x22e ./User/main.o
 .debug_loc     0x00000e34      0x2ea ./Library/StdDriver/src/clk.o
 .debug_loc     0x0000111e       0x5f ./Library/StdDriver/src/gpio.o
 .debug_loc     0x0000117d      0x184 ./Library/StdDriver/src/retarget.o
 .debug_loc     0x00001301       0x84 ./Library/StdDriver/src/sys.o
 .debug_loc     0x00001385      0x470 ./Library/StdDriver/src/timer.o
 .debug_loc     0x000017f5      0x61d ./Library/StdDriver/src/uart.o
 .debug_loc     0x00001e12      0x549 ./CMSIS/GCC/_syscalls.o
 .debug_loc     0x0000235b       0x48 ./CMSIS/system_M0A21.o

.debug_aranges  0x00000000      0x718
 .debug_aranges
                0x00000000       0x48 ./User/util/string/string_util.o
 .debug_aranges
                0x00000048       0x48 ./User/service/rs485_slave/rs485_slave.o
 .debug_aranges
                0x00000090       0x28 ./User/components/switch/switch.o
 .debug_aranges
                0x000000b8       0x28 ./User/components/rgb_led/rgb_led.o
 .debug_aranges
                0x000000e0       0x38 ./User/components/ntc/ntc.o
 .debug_aranges
                0x00000118       0x28 ./User/components/adc_sensor/adc_sensor.o
 .debug_aranges
                0x00000140       0x30 ./User/board/nuvoton_bsp/uart_hw/uart_hw.o
 .debug_aranges
                0x00000170       0x30 ./User/board/nuvoton_bsp/core_hw/core_hw.o
 .debug_aranges
                0x000001a0       0x50 ./User/board/nuvoton_bsp/cabinet_slave_hw/cabinet_slave_hw.o
 .debug_aranges
                0x000001f0       0x20 ./User/board/nuvoton_bsp/adc_hw/adc_hw.o
 .debug_aranges
                0x00000210       0x30 ./User/board/board.o
 .debug_aranges
                0x00000240       0x78 ./User/app/peripheral_init/peripheral_init.o
 .debug_aranges
                0x000002b8       0x20 ./User/app/cabinet_slave_app/cabinet_slave_app.o
 .debug_aranges
                0x000002d8       0x48 ./User/main.o
 .debug_aranges
                0x00000320       0xc0 ./Library/StdDriver/src/clk.o
 .debug_aranges
                0x000003e0       0x38 ./Library/StdDriver/src/gpio.o
 .debug_aranges
                0x00000418       0x70 ./Library/StdDriver/src/retarget.o
 .debug_aranges
                0x00000488       0x70 ./Library/StdDriver/src/sys.o
 .debug_aranges
                0x000004f8       0x78 ./Library/StdDriver/src/timer.o
 .debug_aranges
                0x00000570       0x90 ./Library/StdDriver/src/uart.o
 .debug_aranges
                0x00000600       0xd0 ./CMSIS/GCC/_syscalls.o
 .debug_aranges
                0x000006d0       0x20 ./CMSIS/GCC/startup_M0A21.o
 .debug_aranges
                0x000006f0       0x28 ./CMSIS/system_M0A21.o

.debug_ranges   0x00000000      0x5c8
 .debug_ranges  0x00000000       0x50 ./User/util/string/string_util.o
 .debug_ranges  0x00000050       0x38 ./User/service/rs485_slave/rs485_slave.o
 .debug_ranges  0x00000088       0x18 ./User/components/switch/switch.o
 .debug_ranges  0x000000a0       0x18 ./User/components/rgb_led/rgb_led.o
 .debug_ranges  0x000000b8       0x28 ./User/components/ntc/ntc.o
 .debug_ranges  0x000000e0       0x18 ./User/components/adc_sensor/adc_sensor.o
 .debug_ranges  0x000000f8       0x20 ./User/board/nuvoton_bsp/uart_hw/uart_hw.o
 .debug_ranges  0x00000118       0x20 ./User/board/nuvoton_bsp/core_hw/core_hw.o
 .debug_ranges  0x00000138       0x40 ./User/board/nuvoton_bsp/cabinet_slave_hw/cabinet_slave_hw.o
 .debug_ranges  0x00000178       0x10 ./User/board/nuvoton_bsp/adc_hw/adc_hw.o
 .debug_ranges  0x00000188       0x20 ./User/board/board.o
 .debug_ranges  0x000001a8       0x80 ./User/app/peripheral_init/peripheral_init.o
 .debug_ranges  0x00000228       0x10 ./User/app/cabinet_slave_app/cabinet_slave_app.o
 .debug_ranges  0x00000238       0x38 ./User/main.o
 .debug_ranges  0x00000270       0xb0 ./Library/StdDriver/src/clk.o
 .debug_ranges  0x00000320       0x28 ./Library/StdDriver/src/gpio.o
 .debug_ranges  0x00000348       0x60 ./Library/StdDriver/src/retarget.o
 .debug_ranges  0x000003a8       0x60 ./Library/StdDriver/src/sys.o
 .debug_ranges  0x00000408       0x68 ./Library/StdDriver/src/timer.o
 .debug_ranges  0x00000470       0x80 ./Library/StdDriver/src/uart.o
 .debug_ranges  0x000004f0       0xc0 ./CMSIS/GCC/_syscalls.o
 .debug_ranges  0x000005b0       0x18 ./CMSIS/system_M0A21.o

.debug_line     0x00000000     0x436c
 .debug_line    0x00000000      0x24a ./User/util/string/string_util.o
 .debug_line    0x0000024a      0x3be ./User/service/rs485_slave/rs485_slave.o
 .debug_line    0x00000608      0x16b ./User/components/switch/switch.o
 .debug_line    0x00000773      0x329 ./User/components/rgb_led/rgb_led.o
 .debug_line    0x00000a9c      0x29f ./User/components/ntc/ntc.o
 .debug_line    0x00000d3b      0x21c ./User/components/adc_sensor/adc_sensor.o
 .debug_line    0x00000f57      0x330 ./User/board/nuvoton_bsp/uart_hw/uart_hw.o
 .debug_line    0x00001287      0x2a3 ./User/board/nuvoton_bsp/core_hw/core_hw.o
 .debug_line    0x0000152a      0x1f2 ./User/board/nuvoton_bsp/cabinet_slave_hw/cabinet_slave_hw.o
 .debug_line    0x0000171c      0x1aa ./User/board/nuvoton_bsp/adc_hw/adc_hw.o
 .debug_line    0x000018c6      0x3fb ./User/board/board.o
 .debug_line    0x00001cc1      0x6b5 ./User/app/peripheral_init/peripheral_init.o
 .debug_line    0x00002376      0x4b5 ./User/app/cabinet_slave_app/cabinet_slave_app.o
 .debug_line    0x0000282b      0x67c ./User/main.o
 .debug_line    0x00002ea7      0x30e ./Library/StdDriver/src/clk.o
 .debug_line    0x000031b5      0x182 ./Library/StdDriver/src/gpio.o
 .debug_line    0x00003337      0x2d4 ./Library/StdDriver/src/retarget.o
 .debug_line    0x0000360b      0x1e1 ./Library/StdDriver/src/sys.o
 .debug_line    0x000037ec      0x2a4 ./Library/StdDriver/src/timer.o
 .debug_line    0x00003a90      0x370 ./Library/StdDriver/src/uart.o
 .debug_line    0x00003e00      0x35f ./CMSIS/GCC/_syscalls.o
 .debug_line    0x0000415f       0x64 ./CMSIS/GCC/startup_M0A21.o
 .debug_line    0x000041c3      0x1a9 ./CMSIS/system_M0A21.o

.debug_str      0x00000000     0x204b
 .debug_str     0x00000000      0x5d5 ./User/util/string/string_util.o
                                0x6c7 (size before relaxing)
 .debug_str     0x000005d5      0x2a9 ./User/service/rs485_slave/rs485_slave.o
                                0x8ae (size before relaxing)
 .debug_str     0x0000087e       0x8b ./User/components/switch/switch.o
                                0x615 (size before relaxing)
 .debug_str     0x00000909       0xdd ./User/components/rgb_led/rgb_led.o
                                0x72c (size before relaxing)
 .debug_str     0x000009e6      0x10d ./User/components/ntc/ntc.o
                                0x74f (size before relaxing)
 .debug_str     0x00000af3       0x51 ./User/components/adc_sensor/adc_sensor.o
                                0x673 (size before relaxing)
 .debug_str     0x00000b44      0x448 ./User/board/nuvoton_bsp/uart_hw/uart_hw.o
                                0xa8b (size before relaxing)
 .debug_str     0x00000f8c      0x19f ./User/board/nuvoton_bsp/core_hw/core_hw.o
                                0xa8b (size before relaxing)
 .debug_str     0x0000112b       0xf4 ./User/board/nuvoton_bsp/cabinet_slave_hw/cabinet_slave_hw.o
                                0x2e3 (size before relaxing)
 .debug_str     0x0000121f       0x36 ./User/board/nuvoton_bsp/adc_hw/adc_hw.o
                                0x5ff (size before relaxing)
 .debug_str     0x00001255       0x7a ./User/board/board.o
                                0xa20 (size before relaxing)
 .debug_str     0x000012cf      0x1df ./User/app/peripheral_init/peripheral_init.o
                                0xbe7 (size before relaxing)
 .debug_str     0x000014ae       0x4c ./User/app/cabinet_slave_app/cabinet_slave_app.o
                                0xa91 (size before relaxing)
 .debug_str     0x000014fa       0xc6 ./User/main.o
                                0xbdf (size before relaxing)
 .debug_str     0x000015c0      0x20c ./Library/StdDriver/src/clk.o
                                0x648 (size before relaxing)
 .debug_str     0x000017cc       0x7c ./Library/StdDriver/src/gpio.o
                                0x280 (size before relaxing)
 .debug_str     0x00001848       0xc6 ./Library/StdDriver/src/retarget.o
                                0x705 (size before relaxing)
 .debug_str     0x0000190e       0xe8 ./Library/StdDriver/src/sys.o
                                0x41e (size before relaxing)
 .debug_str     0x000019f6      0x18a ./Library/StdDriver/src/timer.o
                                0x450 (size before relaxing)
 .debug_str     0x00001b80      0x1e4 ./Library/StdDriver/src/uart.o
                                0x93e (size before relaxing)
 .debug_str     0x00001d64      0x2aa ./CMSIS/GCC/_syscalls.o
                                0x8a6 (size before relaxing)
 .debug_str     0x0000200e       0x3d ./CMSIS/system_M0A21.o
                                0x6b1 (size before relaxing)

.debug_frame    0x00000000     0x1718
 .debug_frame   0x00000000       0xa0 ./User/util/string/string_util.o
 .debug_frame   0x000000a0       0xa0 ./User/service/rs485_slave/rs485_slave.o
 .debug_frame   0x00000140       0x40 ./User/components/switch/switch.o
 .debug_frame   0x00000180       0x38 ./User/components/rgb_led/rgb_led.o
 .debug_frame   0x000001b8       0x74 ./User/components/ntc/ntc.o
 .debug_frame   0x0000022c       0x38 ./User/components/adc_sensor/adc_sensor.o
 .debug_frame   0x00000264       0x58 ./User/board/nuvoton_bsp/uart_hw/uart_hw.o
 .debug_frame   0x000002bc       0x58 ./User/board/nuvoton_bsp/core_hw/core_hw.o
 .debug_frame   0x00000314       0xb8 ./User/board/nuvoton_bsp/cabinet_slave_hw/cabinet_slave_hw.o
 .debug_frame   0x000003cc       0x20 ./User/board/nuvoton_bsp/adc_hw/adc_hw.o
 .debug_frame   0x000003ec       0x48 ./User/board/board.o
 .debug_frame   0x00000434       0xec ./User/app/peripheral_init/peripheral_init.o
 .debug_frame   0x00000520       0x20 ./User/app/cabinet_slave_app/cabinet_slave_app.o
 .debug_frame   0x00000540       0xa0 ./User/main.o
 .debug_frame   0x000005e0      0x1d4 ./Library/StdDriver/src/clk.o
 .debug_frame   0x000007b4       0x70 ./Library/StdDriver/src/gpio.o
 .debug_frame   0x00000824       0xf0 ./Library/StdDriver/src/retarget.o
 .debug_frame   0x00000914       0xc8 ./Library/StdDriver/src/sys.o
 .debug_frame   0x000009dc      0x104 ./Library/StdDriver/src/timer.o
 .debug_frame   0x00000ae0      0x16c ./Library/StdDriver/src/uart.o
 .debug_frame   0x00000c4c      0x230 ./CMSIS/GCC/_syscalls.o
 .debug_frame   0x00000e7c       0x38 ./CMSIS/system_M0A21.o
 .debug_frame   0x00000eb4       0x20 e:/nueclipse/6 2017-q1-update/bin/../lib/gcc/arm-none-eabi/6.3.1/thumb/v6-m\libgcc.a(_udivsi3.o)
 .debug_frame   0x00000ed4       0x20 e:/nueclipse/6 2017-q1-update/bin/../lib/gcc/arm-none-eabi/6.3.1/../../../../arm-none-eabi/lib/thumb/v6-m\libg_nano.a(lib_a-errno.o)
 .debug_frame   0x00000ef4       0x28 e:/nueclipse/6 2017-q1-update/bin/../lib/gcc/arm-none-eabi/6.3.1/../../../../arm-none-eabi/lib/thumb/v6-m\libg_nano.a(lib_a-exit.o)
 .debug_frame   0x00000f1c       0x2c e:/nueclipse/6 2017-q1-update/bin/../lib/gcc/arm-none-eabi/6.3.1/../../../../arm-none-eabi/lib/thumb/v6-m\libg_nano.a(lib_a-init.o)
 .debug_frame   0x00000f48       0x40 e:/nueclipse/6 2017-q1-update/bin/../lib/gcc/arm-none-eabi/6.3.1/../../../../arm-none-eabi/lib/thumb/v6-m\libg_nano.a(lib_a-malloc.o)
 .debug_frame   0x00000f88       0x20 e:/nueclipse/6 2017-q1-update/bin/../lib/gcc/arm-none-eabi/6.3.1/../../../../arm-none-eabi/lib/thumb/v6-m\libg_nano.a(lib_a-memset.o)
 .debug_frame   0x00000fa8       0x2c e:/nueclipse/6 2017-q1-update/bin/../lib/gcc/arm-none-eabi/6.3.1/../../../../arm-none-eabi/lib/thumb/v6-m\libg_nano.a(lib_a-nano-freer.o)
 .debug_frame   0x00000fd4       0x2c e:/nueclipse/6 2017-q1-update/bin/../lib/gcc/arm-none-eabi/6.3.1/../../../../arm-none-eabi/lib/thumb/v6-m\libg_nano.a(lib_a-nano-mallocr.o)
 .debug_frame   0x00001000       0x50 e:/nueclipse/6 2017-q1-update/bin/../lib/gcc/arm-none-eabi/6.3.1/../../../../arm-none-eabi/lib/thumb/v6-m\libg_nano.a(lib_a-printf.o)
 .debug_frame   0x00001050       0x44 e:/nueclipse/6 2017-q1-update/bin/../lib/gcc/arm-none-eabi/6.3.1/../../../../arm-none-eabi/lib/thumb/v6-m\libg_nano.a(lib_a-puts.o)
 .debug_frame   0x00001094       0x2c e:/nueclipse/6 2017-q1-update/bin/../lib/gcc/arm-none-eabi/6.3.1/../../../../arm-none-eabi/lib/thumb/v6-m\libg_nano.a(lib_a-sbrkr.o)
 .debug_frame   0x000010c0       0x30 e:/nueclipse/6 2017-q1-update/bin/../lib/gcc/arm-none-eabi/6.3.1/../../../../arm-none-eabi/lib/thumb/v6-m\libg_nano.a(lib_a-strtok.o)
 .debug_frame   0x000010f0       0x48 e:/nueclipse/6 2017-q1-update/bin/../lib/gcc/arm-none-eabi/6.3.1/../../../../arm-none-eabi/lib/thumb/v6-m\libg_nano.a(lib_a-strtok_r.o)
 .debug_frame   0x00001138       0x48 e:/nueclipse/6 2017-q1-update/bin/../lib/gcc/arm-none-eabi/6.3.1/../../../../arm-none-eabi/lib/thumb/v6-m\libg_nano.a(lib_a-wbuf.o)
 .debug_frame   0x00001180       0x2c e:/nueclipse/6 2017-q1-update/bin/../lib/gcc/arm-none-eabi/6.3.1/../../../../arm-none-eabi/lib/thumb/v6-m\libg_nano.a(lib_a-wsetup.o)
 .debug_frame   0x000011ac       0x68 e:/nueclipse/6 2017-q1-update/bin/../lib/gcc/arm-none-eabi/6.3.1/../../../../arm-none-eabi/lib/thumb/v6-m\libg_nano.a(lib_a-fflush.o)
 .debug_frame   0x00001214      0x140 e:/nueclipse/6 2017-q1-update/bin/../lib/gcc/arm-none-eabi/6.3.1/../../../../arm-none-eabi/lib/thumb/v6-m\libg_nano.a(lib_a-findfp.o)
 .debug_frame   0x00001354       0x58 e:/nueclipse/6 2017-q1-update/bin/../lib/gcc/arm-none-eabi/6.3.1/../../../../arm-none-eabi/lib/thumb/v6-m\libg_nano.a(lib_a-fwalk.o)
 .debug_frame   0x000013ac       0x54 e:/nueclipse/6 2017-q1-update/bin/../lib/gcc/arm-none-eabi/6.3.1/../../../../arm-none-eabi/lib/thumb/v6-m\libg_nano.a(lib_a-makebuf.o)
 .debug_frame   0x00001400       0x30 e:/nueclipse/6 2017-q1-update/bin/../lib/gcc/arm-none-eabi/6.3.1/../../../../arm-none-eabi/lib/thumb/v6-m\libg_nano.a(lib_a-mlock.o)
 .debug_frame   0x00001430       0x9c e:/nueclipse/6 2017-q1-update/bin/../lib/gcc/arm-none-eabi/6.3.1/../../../../arm-none-eabi/lib/thumb/v6-m\libg_nano.a(lib_a-nano-vfprintf.o)
 .debug_frame   0x000014cc       0x54 e:/nueclipse/6 2017-q1-update/bin/../lib/gcc/arm-none-eabi/6.3.1/../../../../arm-none-eabi/lib/thumb/v6-m\libg_nano.a(lib_a-nano-vfprintf_i.o)
 .debug_frame   0x00001520       0x90 e:/nueclipse/6 2017-q1-update/bin/../lib/gcc/arm-none-eabi/6.3.1/../../../../arm-none-eabi/lib/thumb/v6-m\libg_nano.a(lib_a-stdio.o)
 .debug_frame   0x000015b0       0x2c e:/nueclipse/6 2017-q1-update/bin/../lib/gcc/arm-none-eabi/6.3.1/../../../../arm-none-eabi/lib/thumb/v6-m\libg_nano.a(lib_a-writer.o)
 .debug_frame   0x000015dc       0x2c e:/nueclipse/6 2017-q1-update/bin/../lib/gcc/arm-none-eabi/6.3.1/../../../../arm-none-eabi/lib/thumb/v6-m\libg_nano.a(lib_a-closer.o)
 .debug_frame   0x00001608       0x2c e:/nueclipse/6 2017-q1-update/bin/../lib/gcc/arm-none-eabi/6.3.1/../../../../arm-none-eabi/lib/thumb/v6-m\libg_nano.a(lib_a-fstatr.o)
 .debug_frame   0x00001634       0x2c e:/nueclipse/6 2017-q1-update/bin/../lib/gcc/arm-none-eabi/6.3.1/../../../../arm-none-eabi/lib/thumb/v6-m\libg_nano.a(lib_a-isattyr.o)
 .debug_frame   0x00001660       0x2c e:/nueclipse/6 2017-q1-update/bin/../lib/gcc/arm-none-eabi/6.3.1/../../../../arm-none-eabi/lib/thumb/v6-m\libg_nano.a(lib_a-lseekr.o)
 .debug_frame   0x0000168c       0x20 e:/nueclipse/6 2017-q1-update/bin/../lib/gcc/arm-none-eabi/6.3.1/../../../../arm-none-eabi/lib/thumb/v6-m\libg_nano.a(lib_a-memchr-stub.o)
 .debug_frame   0x000016ac       0x2c e:/nueclipse/6 2017-q1-update/bin/../lib/gcc/arm-none-eabi/6.3.1/../../../../arm-none-eabi/lib/thumb/v6-m\libg_nano.a(lib_a-readr.o)
 .debug_frame   0x000016d8       0x20 e:/nueclipse/6 2017-q1-update/bin/../lib/gcc/arm-none-eabi/6.3.1/../../../../arm-none-eabi/lib/thumb/v6-m\libnosys.a(sbrk.o)
 .debug_frame   0x000016f8       0x20 e:/nueclipse/6 2017-q1-update/bin/../lib/gcc/arm-none-eabi/6.3.1/../../../../arm-none-eabi/lib/thumb/v6-m\libnosys.a(_exit.o)
