Archive member included to satisfy reference by file (symbol)

e:/nueclipse/6 2017-q1-update/bin/../lib/gcc/arm-none-eabi/6.3.1/thumb/v6-m\libgcc.a(_thumb1_case_uqi.o)
                              ./Library/StdDriver/src/pdma.o (__gnu_thumb1_case_uqi)
e:/nueclipse/6 2017-q1-update/bin/../lib/gcc/arm-none-eabi/6.3.1/thumb/v6-m\libgcc.a(_udivsi3.o)
                              ./Library/StdDriver/src/can.o (__aeabi_uidiv)
e:/nueclipse/6 2017-q1-update/bin/../lib/gcc/arm-none-eabi/6.3.1/thumb/v6-m\libgcc.a(_divsi3.o)
                              ./Library/StdDriver/src/can.o (__aeabi_idiv)
e:/nueclipse/6 2017-q1-update/bin/../lib/gcc/arm-none-eabi/6.3.1/thumb/v6-m\libgcc.a(_dvmd_tls.o)
                              e:/nueclipse/6 2017-q1-update/bin/../lib/gcc/arm-none-eabi/6.3.1/thumb/v6-m\libgcc.a(_udivsi3.o) (__aeabi_idiv0)
e:/nueclipse/6 2017-q1-update/bin/../lib/gcc/arm-none-eabi/6.3.1/thumb/v6-m\libgcc.a(_aeabi_uldivmod.o)
                              ./Library/StdDriver/src/can.o (__aeabi_uldivmod)
e:/nueclipse/6 2017-q1-update/bin/../lib/gcc/arm-none-eabi/6.3.1/thumb/v6-m\libgcc.a(_udivmoddi4.o)
                              e:/nueclipse/6 2017-q1-update/bin/../lib/gcc/arm-none-eabi/6.3.1/thumb/v6-m\libgcc.a(_aeabi_uldivmod.o) (__udivmoddi4)
e:/nueclipse/6 2017-q1-update/bin/../lib/gcc/arm-none-eabi/6.3.1/thumb/v6-m\libgcc.a(floatunsisf.o)
                              ./Library/StdDriver/src/dac.o (__aeabi_ui2f)
e:/nueclipse/6 2017-q1-update/bin/../lib/gcc/arm-none-eabi/6.3.1/thumb/v6-m\libgcc.a(_clzsi2.o)
                              e:/nueclipse/6 2017-q1-update/bin/../lib/gcc/arm-none-eabi/6.3.1/thumb/v6-m\libgcc.a(floatunsisf.o) (__clzsi2)
e:/nueclipse/6 2017-q1-update/bin/../lib/gcc/arm-none-eabi/6.3.1/thumb/v6-m\libgcc.a(_clzdi2.o)
                              e:/nueclipse/6 2017-q1-update/bin/../lib/gcc/arm-none-eabi/6.3.1/thumb/v6-m\libgcc.a(_udivmoddi4.o) (__clzdi2)
e:/nueclipse/6 2017-q1-update/bin/../lib/gcc/arm-none-eabi/6.3.1/../../../../arm-none-eabi/lib/thumb/v6-m\libg_nano.a(lib_a-errno.o)
                              ./CMSIS/GCC/_syscalls.o (__errno)
e:/nueclipse/6 2017-q1-update/bin/../lib/gcc/arm-none-eabi/6.3.1/../../../../arm-none-eabi/lib/thumb/v6-m\libg_nano.a(lib_a-exit.o)
                              e:/nueclipse/6 2017-q1-update/bin/../lib/gcc/arm-none-eabi/6.3.1/../../../../arm-none-eabi/lib/thumb/v6-m/crt0.o (exit)
e:/nueclipse/6 2017-q1-update/bin/../lib/gcc/arm-none-eabi/6.3.1/../../../../arm-none-eabi/lib/thumb/v6-m\libg_nano.a(lib_a-impure.o)
                              e:/nueclipse/6 2017-q1-update/bin/../lib/gcc/arm-none-eabi/6.3.1/../../../../arm-none-eabi/lib/thumb/v6-m\libg_nano.a(lib_a-exit.o) (_global_impure_ptr)
e:/nueclipse/6 2017-q1-update/bin/../lib/gcc/arm-none-eabi/6.3.1/../../../../arm-none-eabi/lib/thumb/v6-m\libg_nano.a(lib_a-init.o)
                              e:/nueclipse/6 2017-q1-update/bin/../lib/gcc/arm-none-eabi/6.3.1/../../../../arm-none-eabi/lib/thumb/v6-m/crt0.o (__libc_init_array)
e:/nueclipse/6 2017-q1-update/bin/../lib/gcc/arm-none-eabi/6.3.1/../../../../arm-none-eabi/lib/thumb/v6-m\libg_nano.a(lib_a-memset.o)
                              e:/nueclipse/6 2017-q1-update/bin/../lib/gcc/arm-none-eabi/6.3.1/../../../../arm-none-eabi/lib/thumb/v6-m/crt0.o (memset)
e:/nueclipse/6 2017-q1-update/bin/../lib/gcc/arm-none-eabi/6.3.1/../../../../arm-none-eabi/lib/thumb/v6-m\libg_nano.a(lib_a-printf.o)
                              ./Library/StdDriver/src/retarget.o (printf)
e:/nueclipse/6 2017-q1-update/bin/../lib/gcc/arm-none-eabi/6.3.1/../../../../arm-none-eabi/lib/thumb/v6-m\libg_nano.a(lib_a-puts.o)
                              ./Library/StdDriver/src/retarget.o (puts)
e:/nueclipse/6 2017-q1-update/bin/../lib/gcc/arm-none-eabi/6.3.1/../../../../arm-none-eabi/lib/thumb/v6-m\libg_nano.a(lib_a-wbuf.o)
                              e:/nueclipse/6 2017-q1-update/bin/../lib/gcc/arm-none-eabi/6.3.1/../../../../arm-none-eabi/lib/thumb/v6-m\libg_nano.a(lib_a-puts.o) (__swbuf_r)
e:/nueclipse/6 2017-q1-update/bin/../lib/gcc/arm-none-eabi/6.3.1/../../../../arm-none-eabi/lib/thumb/v6-m\libg_nano.a(lib_a-wsetup.o)
                              e:/nueclipse/6 2017-q1-update/bin/../lib/gcc/arm-none-eabi/6.3.1/../../../../arm-none-eabi/lib/thumb/v6-m\libg_nano.a(lib_a-puts.o) (__swsetup_r)
e:/nueclipse/6 2017-q1-update/bin/../lib/gcc/arm-none-eabi/6.3.1/../../../../arm-none-eabi/lib/thumb/v6-m\libg_nano.a(lib_a-fflush.o)
                              e:/nueclipse/6 2017-q1-update/bin/../lib/gcc/arm-none-eabi/6.3.1/../../../../arm-none-eabi/lib/thumb/v6-m\libg_nano.a(lib_a-wbuf.o) (_fflush_r)
e:/nueclipse/6 2017-q1-update/bin/../lib/gcc/arm-none-eabi/6.3.1/../../../../arm-none-eabi/lib/thumb/v6-m\libg_nano.a(lib_a-findfp.o)
                              e:/nueclipse/6 2017-q1-update/bin/../lib/gcc/arm-none-eabi/6.3.1/../../../../arm-none-eabi/lib/thumb/v6-m\libg_nano.a(lib_a-printf.o) (__sinit)
[...]
Memory Configuration

Name             Origin             Length             Attributes
FLASH            0x00000000         0x00008000         xr
RAM              0x20000000         0x00001000         xrw
*default*        0x00000000         0xffffffff

Linker script and memory map

LOAD e:/nueclipse/6 2017-q1-update/bin/../lib/gcc/arm-none-eabi/6.3.1/thumb/v6-m/crti.o
LOAD e:/nueclipse/6 2017-q1-update/bin/../lib/gcc/arm-none-eabi/6.3.1/thumb/v6-m/crtbegin.o
LOAD e:/nueclipse/6 2017-q1-update/bin/../lib/gcc/arm-none-eabi/6.3.1/../../../../arm-none-eabi/lib/thumb/v6-m/crt0.o
LOAD ./User/main.o
LOAD ./Library/StdDriver/src/acmp.o
LOAD ./Library/StdDriver/src/adc.o
LOAD ./Library/StdDriver/src/can.o
LOAD ./Library/StdDriver/src/clk.o
LOAD ./Library/StdDriver/src/crc.o
LOAD ./Library/StdDriver/src/dac.o
LOAD ./Library/StdDriver/src/fmc.o
LOAD ./Library/StdDriver/src/gpio.o
LOAD ./Library/StdDriver/src/pdma.o
LOAD ./Library/StdDriver/src/pwm.o
LOAD ./Library/StdDriver/src/retarget.o
LOAD ./Library/StdDriver/src/sys.o
LOAD ./Library/StdDriver/src/timer.o
LOAD ./Library/StdDriver/src/uart.o
LOAD ./Library/StdDriver/src/usci_i2c.o
LOAD ./Library/StdDriver/src/usci_spi.o
LOAD ./Library/StdDriver/src/usci_uart.o
LOAD ./Library/StdDriver/src/wdt.o
LOAD ./Library/StdDriver/src/wwdt.o
LOAD ./CMSIS/GCC/_syscalls.o
LOAD ./CMSIS/GCC/startup_M0A21.o
LOAD ./CMSIS/system_M0A21.o
START GROUP
LOAD e:/nueclipse/6 2017-q1-update/bin/../lib/gcc/arm-none-eabi/6.3.1/thumb/v6-m\libgcc.a
LOAD e:/nueclipse/6 2017-q1-update/bin/../lib/gcc/arm-none-eabi/6.3.1/../../../../arm-none-eabi/lib/thumb/v6-m\libg_nano.a
LOAD e:/nueclipse/6 2017-q1-update/bin/../lib/gcc/arm-none-eabi/6.3.1/../../../../arm-none-eabi/lib/thumb/v6-m\libc_nano.a
END GROUP
START GROUP
LOAD e:/nueclipse/6 2017-q1-update/bin/../lib/gcc/arm-none-eabi/6.3.1/thumb/v6-m\libgcc.a
LOAD e:/nueclipse/6 2017-q1-update/bin/../lib/gcc/arm-none-eabi/6.3.1/../../../../arm-none-eabi/lib/thumb/v6-m\libc_nano.a
END GROUP
LOAD e:/nueclipse/6 2017-q1-update/bin/../lib/gcc/arm-none-eabi/6.3.1/thumb/v6-m/crtend.o
LOAD e:/nueclipse/6 2017-q1-update/bin/../lib/gcc/arm-none-eabi/6.3.1/thumb/v6-m/crtn.o
START GROUP
LOAD e:/nueclipse/6 2017-q1-update/bin/../lib/gcc/arm-none-eabi/6.3.1/thumb/v6-m\libgcc.a
LOAD e:/nueclipse/6 2017-q1-update/bin/../lib/gcc/arm-none-eabi/6.3.1/../../../../arm-none-eabi/lib/thumb/v6-m\libc.a
LOAD e:/nueclipse/6 2017-q1-update/bin/../lib/gcc/arm-none-eabi/6.3.1/../../../../arm-none-eabi/lib/thumb/v6-m\libm.a
LOAD e:/nueclipse/6 2017-q1-update/bin/../lib/gcc/arm-none-eabi/6.3.1/../../../../arm-none-eabi/lib/thumb/v6-m\libnosys.a
END GROUP

.text           0x00000000     0x18b4
 *(.vectors)
 .vectors       0x00000000       0xc0 ./CMSIS/GCC/startup_M0A21.o
                0x00000000                __Vectors
                0x000000c0                __Vectors_End = .
                0x000000c0                __Vectors_Size = (__Vectors_End - __Vectors)
                0x000000c0                __end__ = .
 *(.text*)
 .text          0x000000c0       0x60 e:/nueclipse/6 2017-q1-update/bin/../lib/gcc/arm-none-eabi/6.3.1/thumb/v6-m/crtbegin.o
 .text          0x00000120       0x78 e:/nueclipse/6 2017-q1-update/bin/../lib/gcc/arm-none-eabi/6.3.1/../../../../arm-none-eabi/lib/thumb/v6-m/crt0.o
                0x00000120                _start
                0x00000120                _mainCRTStartup
 .text.SYS_Init
                0x00000198       0x7c ./User/main.o
                0x00000198                SYS_Init
 .text.startup.main
                0x00000214       0x30 ./User/main.o
                0x00000214                main
 .text.CLK_GetPCLK0Freq
                0x00000244       0x20 ./Library/StdDriver/src/clk.o
                0x00000244                CLK_GetPCLK0Freq
 .text.CLK_GetPCLK1Freq
                0x00000264       0x20 ./Library/StdDriver/src/clk.o
                0x00000264                CLK_GetPCLK1Freq
 .text.CLK_SetModuleClock
                0x00000284       0x78 ./Library/StdDriver/src/clk.o
                0x00000284                CLK_SetModuleClock
 .text.CLK_EnableXtalRC
                0x000002fc       0x10 ./Library/StdDriver/src/clk.o
                0x000002fc                CLK_EnableXtalRC
 .text.CLK_EnableModuleClock
                0x0000030c       0x30 ./Library/StdDriver/src/clk.o
                0x0000030c                CLK_EnableModuleClock
 .text.CLK_WaitClockReady
                0x0000033c       0x24 ./Library/StdDriver/src/clk.o
                0x0000033c                CLK_WaitClockReady
 .text.CLK_SetHCLK
                0x00000360       0x4c ./Library/StdDriver/src/clk.o
                0x00000360                CLK_SetHCLK
 .text.Hard_Fault_Handler
                0x000003ac       0x70 ./Library/StdDriver/src/retarget.o
                0x000003ac                Hard_Fault_Handler
 .text.HardFault_Handler
                0x0000041c       0x20 ./Library/StdDriver/src/retarget.o
                0x0000041c                HardFault_Handler
 .text._write   0x0000043c       0x3c ./Library/StdDriver/src/retarget.o
                0x0000043c                _write
 .text._read    0x00000478       0x18 ./Library/StdDriver/src/retarget.o
                0x00000478                _read
 .text.UART_Open
                0x00000490       0xc4 ./Library/StdDriver/src/uart.o
                0x00000490                UART_Open
 .text.UART_Write
                0x00000554       0x28 ./Library/StdDriver/src/uart.o
                0x00000554                UART_Write
 .text._close   0x0000057c       0x10 ./CMSIS/GCC/_syscalls.o
                0x0000057c                _close
 .text._fstat   0x0000058c       0x10 ./CMSIS/GCC/_syscalls.o
                0x0000058c                _fstat
 .text._isatty  0x0000059c        0xe ./CMSIS/GCC/_syscalls.o
                0x0000059c                _isatty
 .text._lseek   0x000005aa       0x10 ./CMSIS/GCC/_syscalls.o
                0x000005aa                _lseek
 *fill*         0x000005ba        0x2 
 .text          0x000005bc       0x2c ./CMSIS/GCC/startup_M0A21.o
                0x000005bc                Reset_Handler
                0x000005e4                ACMP01_IRQHandler
                0x000005e4                USCI0_IRQHandler
                0x000005e4                SysTick_Handler
                0x000005e4                PendSV_Handler
                0x000005e4                NMI_Handler
                0x000005e4                UART1_IRQHandler
                0x000005e4                EINT135_IRQHandler
                0x000005e4                UART0_IRQHandler
                0x000005e4                TMR0_IRQHandler
                0x000005e4                USCI1_IRQHandler
                0x000005e4                EINT024_IRQHandler
                0x000005e4                PWRWU_IRQHandler
                0x000005e4                GPCD_IRQHandler
                0x000005e4                Default_Handler
                0x000005e4                CKFAIL_IRQHandler
                0x000005e4                ADC_IRQHandler
                0x000005e4                TMR2_IRQHandler
                0x000005e4                BOD_IRQHandler
                0x000005e4                WDT_IRQHandler
                0x000005e4                SVC_Handler
                0x000005e4                PDMA_IRQHandler
                0x000005e4                DAC0_IRQHandler
                0x000005e4                GPAB_IRQHandler
                0x000005e4                PWM0_IRQHandler
                0x000005e4                CAN0_IRQHandler
                0x000005e4                TMR3_IRQHandler
                0x000005e4                TMR1_IRQHandler
 .text.SystemCoreClockUpdate
                0x000005e8       0x48 ./CMSIS/system_M0A21.o
                0x000005e8                SystemCoreClockUpdate
 .text.SystemInit
                0x00000630        0x2 ./CMSIS/system_M0A21.o
                0x00000630                SystemInit
 *fill*         0x00000632        0x2 
 .text          0x00000634      0x114 e:/nueclipse/6 2017-q1-update/bin/../lib/gcc/arm-none-eabi/6.3.1/thumb/v6-m\libgcc.a(_udivsi3.o)
                0x00000634                __aeabi_uidiv
                0x00000634                __udivsi3
                0x00000740                __aeabi_uidivmod
 .text          0x00000748        0x4 e:/nueclipse/6 2017-q1-update/bin/../lib/gcc/arm-none-eabi/6.3.1/thumb/v6-m\libgcc.a(_dvmd_tls.o)
                0x00000748                __aeabi_idiv0
                0x00000748                __aeabi_ldiv0
 .text.__errno  0x0000074c        0xc e:/nueclipse/6 2017-q1-update/bin/../lib/gcc/arm-none-eabi/6.3.1/../../../../arm-none-eabi/lib/thumb/v6-m\libg_nano.a(lib_a-errno.o)
                0x0000074c                __errno
 .text.exit     0x00000758       0x2c e:/nueclipse/6 2017-q1-update/bin/../lib/gcc/arm-none-eabi/6.3.1/../../../../arm-none-eabi/lib/thumb/v6-m\libg_nano.a(lib_a-exit.o)
                0x00000758                exit
 .text.__libc_init_array
                0x00000784       0x48 e:/nueclipse/6 2017-q1-update/bin/../lib/gcc/arm-none-eabi/6.3.1/../../../../arm-none-eabi/lib/thumb/v6-m\libg_nano.a(lib_a-init.o)
                0x00000784                __libc_init_array
 .text.memset   0x000007cc       0x10 e:/nueclipse/6 2017-q1-update/bin/../lib/gcc/arm-none-eabi/6.3.1/../../../../arm-none-eabi/lib/thumb/v6-m\libg_nano.a(lib_a-memset.o)
                0x000007cc                memset
 .text.printf   0x000007dc       0x34 e:/nueclipse/6 2017-q1-update/bin/../lib/gcc/arm-none-eabi/6.3.1/../../../../arm-none-eabi/lib/thumb/v6-m\libg_nano.a(lib_a-printf.o)
                0x000007dc                iprintf
                0x000007dc                printf
 .text._puts_r  0x00000810       0xc0 e:/nueclipse/6 2017-q1-update/bin/../lib/gcc/arm-none-eabi/6.3.1/../../../../arm-none-eabi/lib/thumb/v6-m\libg_nano.a(lib_a-puts.o)
                0x00000810                _puts_r
 .text.puts     0x000008d0       0x14 e:/nueclipse/6 2017-q1-update/bin/../lib/gcc/arm-none-eabi/6.3.1/../../../../arm-none-eabi/lib/thumb/v6-m\libg_nano.a(lib_a-puts.o)
                0x000008d0                puts
 .text.__swbuf_r
                0x000008e4       0xac e:/nueclipse/6 2017-q1-update/bin/../lib/gcc/arm-none-eabi/6.3.1/../../../../arm-none-eabi/lib/thumb/v6-m\libg_nano.a(lib_a-wbuf.o)
                0x000008e4                __swbuf_r
 .text.__swsetup_r
                0x00000990       0xec e:/nueclipse/6 2017-q1-update/bin/../lib/gcc/arm-none-eabi/6.3.1/../../../../arm-none-eabi/lib/thumb/v6-m\libg_nano.a(lib_a-wsetup.o)
                0x00000990                __swsetup_r
 .text.__sflush_r
                0x00000a7c      0x114 e:/nueclipse/6 2017-q1-update/bin/../lib/gcc/arm-none-eabi/6.3.1/../../../../arm-none-eabi/lib/thumb/v6-m\libg_nano.a(lib_a-fflush.o)
                0x00000a7c                __sflush_r
 .text._fflush_r
                0x00000b90       0x58 e:/nueclipse/6 2017-q1-update/bin/../lib/gcc/arm-none-eabi/6.3.1/../../../../arm-none-eabi/lib/thumb/v6-m\libg_nano.a(lib_a-fflush.o)
                0x00000b90                _fflush_r
 .text._cleanup_r
                0x00000be8       0x10 e:/nueclipse/6 2017-q1-update/bin/../lib/gcc/arm-none-eabi/6.3.1/../../../../arm-none-eabi/lib/thumb/v6-m\libg_nano.a(lib_a-findfp.o)
                0x00000be8                _cleanup_r
 .text.std.isra.0
                0x00000bf8       0x48 e:/nueclipse/6 2017-q1-update/bin/../lib/gcc/arm-none-eabi/6.3.1/../../../../arm-none-eabi/lib/thumb/v6-m\libg_nano.a(lib_a-findfp.o)
 .text.__sfmoreglue
                0x00000c40       0x2c e:/nueclipse/6 2017-q1-update/bin/../lib/gcc/arm-none-eabi/6.3.1/../../../../arm-none-eabi/lib/thumb/v6-m\libg_nano.a(lib_a-findfp.o)
                0x00000c40                __sfmoreglue
 .text.__sinit  0x00000c6c       0x68 e:/nueclipse/6 2017-q1-update/bin/../lib/gcc/arm-none-eabi/6.3.1/../../../../arm-none-eabi/lib/thumb/v6-m\libg_nano.a(lib_a-findfp.o)
                0x00000c6c                __sinit
 .text.__sfp    0x00000cd4       0x80 e:/nueclipse/6 2017-q1-update/bin/../lib/gcc/arm-none-eabi/6.3.1/../../../../arm-none-eabi/lib/thumb/v6-m\libg_nano.a(lib_a-findfp.o)
                0x00000cd4                __sfp
 .text._fwalk_reent
                0x00000d54       0x42 e:/nueclipse/6 2017-q1-update/bin/../lib/gcc/arm-none-eabi/6.3.1/../../../../arm-none-eabi/lib/thumb/v6-m\libg_nano.a(lib_a-fwalk.o)
                0x00000d54                _fwalk_reent
 *fill*         0x00000d96        0x2 
 .text.__swhatbuf_r
                0x00000d98       0x50 e:/nueclipse/6 2017-q1-update/bin/../lib/gcc/arm-none-eabi/6.3.1/../../../../arm-none-eabi/lib/thumb/v6-m\libg_nano.a(lib_a-makebuf.o)
                0x00000d98                __swhatbuf_r
 .text.__smakebuf_r
                0x00000de8       0x88 e:/nueclipse/6 2017-q1-update/bin/../lib/gcc/arm-none-eabi/6.3.1/../../../../arm-none-eabi/lib/thumb/v6-m\libg_nano.a(lib_a-makebuf.o)
                0x00000de8                __smakebuf_r
 .text._free_r  0x00000e70       0x94 e:/nueclipse/6 2017-q1-update/bin/../lib/gcc/arm-none-eabi/6.3.1/../../../../arm-none-eabi/lib/thumb/v6-m\libg_nano.a(lib_a-nano-freer.o)
                0x00000e70                _free_r
 .text._malloc_r
                0x00000f04       0xbc e:/nueclipse/6 2017-q1-update/bin/../lib/gcc/arm-none-eabi/6.3.1/../../../../arm-none-eabi/lib/thumb/v6-m\libg_nano.a(lib_a-nano-mallocr.o)
                0x00000f04                _malloc_r
 .text.__sfputc_r
                0x00000fc0       0x2a e:/nueclipse/6 2017-q1-update/bin/../lib/gcc/arm-none-eabi/6.3.1/../../../../arm-none-eabi/lib/thumb/v6-m\libg_nano.a(lib_a-nano-vfprintf.o)
 .text.__sfputs_r
                0x00000fea       0x24 e:/nueclipse/6 2017-q1-update/bin/../lib/gcc/arm-none-eabi/6.3.1/../../../../arm-none-eabi/lib/thumb/v6-m\libg_nano.a(lib_a-nano-vfprintf.o)
                0x00000fea                __sfputs_r
 *fill*         0x0000100e        0x2 
 .text._vfprintf_r
                0x00001010      0x238 e:/nueclipse/6 2017-q1-update/bin/../lib/gcc/arm-none-eabi/6.3.1/../../../../arm-none-eabi/lib/thumb/v6-m\libg_nano.a(lib_a-nano-vfprintf.o)
                0x00001010                _vfprintf_r
                0x00001010                _vfiprintf_r
 .text._printf_common
                0x00001248       0xda e:/nueclipse/6 2017-q1-update/bin/../lib/gcc/arm-none-eabi/6.3.1/../../../../arm-none-eabi/lib/thumb/v6-m\libg_nano.a(lib_a-nano-vfprintf_i.o)
                0x00001248                _printf_common
 *fill*         0x00001322        0x2 
 .text._printf_i
                0x00001324      0x234 e:/nueclipse/6 2017-q1-update/bin/../lib/gcc/arm-none-eabi/6.3.1/../../../../arm-none-eabi/lib/thumb/v6-m\libg_nano.a(lib_a-nano-vfprintf_i.o)
                0x00001324                _printf_i
 .text._sbrk_r  0x00001558       0x24 e:/nueclipse/6 2017-q1-update/bin/../lib/gcc/arm-none-eabi/6.3.1/../../../../arm-none-eabi/lib/thumb/v6-m\libg_nano.a(lib_a-sbrkr.o)
                0x00001558                _sbrk_r
 .text.__sread  0x0000157c       0x28 e:/nueclipse/6 2017-q1-update/bin/../lib/gcc/arm-none-eabi/6.3.1/../../../../arm-none-eabi/lib/thumb/v6-m\libg_nano.a(lib_a-stdio.o)
                0x0000157c                __sread
 .text.__swrite
                0x000015a4       0x38 e:/nueclipse/6 2017-q1-update/bin/../lib/gcc/arm-none-eabi/6.3.1/../../../../arm-none-eabi/lib/thumb/v6-m\libg_nano.a(lib_a-stdio.o)
                0x000015a4                __swrite
 .text.__sseek  0x000015dc       0x2c e:/nueclipse/6 2017-q1-update/bin/../lib/gcc/arm-none-eabi/6.3.1/../../../../arm-none-eabi/lib/thumb/v6-m\libg_nano.a(lib_a-stdio.o)
                0x000015dc                __sseek
 .text.__sclose
                0x00001608        0xc e:/nueclipse/6 2017-q1-update/bin/../lib/gcc/arm-none-eabi/6.3.1/../../../../arm-none-eabi/lib/thumb/v6-m\libg_nano.a(lib_a-stdio.o)
                0x00001608                __sclose
 .text._write_r
                0x00001614       0x28 e:/nueclipse/6 2017-q1-update/bin/../lib/gcc/arm-none-eabi/6.3.1/../../../../arm-none-eabi/lib/thumb/v6-m\libg_nano.a(lib_a-writer.o)
                0x00001614                _write_r
 .text._close_r
                0x0000163c       0x24 e:/nueclipse/6 2017-q1-update/bin/../lib/gcc/arm-none-eabi/6.3.1/../../../../arm-none-eabi/lib/thumb/v6-m\libg_nano.a(lib_a-closer.o)
                0x0000163c                _close_r
 .text._fstat_r
                0x00001660       0x24 e:/nueclipse/6 2017-q1-update/bin/../lib/gcc/arm-none-eabi/6.3.1/../../../../arm-none-eabi/lib/thumb/v6-m\libg_nano.a(lib_a-fstatr.o)
                0x00001660                _fstat_r
 .text._isatty_r
                0x00001684       0x24 e:/nueclipse/6 2017-q1-update/bin/../lib/gcc/arm-none-eabi/6.3.1/../../../../arm-none-eabi/lib/thumb/v6-m\libg_nano.a(lib_a-isattyr.o)
                0x00001684                _isatty_r
 .text._lseek_r
                0x000016a8       0x28 e:/nueclipse/6 2017-q1-update/bin/../lib/gcc/arm-none-eabi/6.3.1/../../../../arm-none-eabi/lib/thumb/v6-m\libg_nano.a(lib_a-lseekr.o)
                0x000016a8                _lseek_r
 .text.memchr   0x000016d0       0x16 e:/nueclipse/6 2017-q1-update/bin/../lib/gcc/arm-none-eabi/6.3.1/../../../../arm-none-eabi/lib/thumb/v6-m\libg_nano.a(lib_a-memchr-stub.o)
                0x000016d0                memchr
 .text.__malloc_lock
                0x000016e6        0x2 e:/nueclipse/6 2017-q1-update/bin/../lib/gcc/arm-none-eabi/6.3.1/../../../../arm-none-eabi/lib/thumb/v6-m\libg_nano.a(lib_a-mlock.o)
                0x000016e6                __malloc_lock
 .text.__malloc_unlock
                0x000016e8        0x2 e:/nueclipse/6 2017-q1-update/bin/../lib/gcc/arm-none-eabi/6.3.1/../../../../arm-none-eabi/lib/thumb/v6-m\libg_nano.a(lib_a-mlock.o)
                0x000016e8                __malloc_unlock
 *fill*         0x000016ea        0x2 
 .text._read_r  0x000016ec       0x28 e:/nueclipse/6 2017-q1-update/bin/../lib/gcc/arm-none-eabi/6.3.1/../../../../arm-none-eabi/lib/thumb/v6-m\libg_nano.a(lib_a-readr.o)
                0x000016ec                _read_r
 .text._sbrk    0x00001714       0x1c e:/nueclipse/6 2017-q1-update/bin/../lib/gcc/arm-none-eabi/6.3.1/../../../../arm-none-eabi/lib/thumb/v6-m\libnosys.a(sbrk.o)
                0x00001714                _sbrk
 .text._exit    0x00001730        0x4 e:/nueclipse/6 2017-q1-update/bin/../lib/gcc/arm-none-eabi/6.3.1/../../../../arm-none-eabi/lib/thumb/v6-m\libnosys.a(_exit.o)
                0x00001730                _exit
 *(.init)
 .init          0x00001734        0x4 e:/nueclipse/6 2017-q1-update/bin/../lib/gcc/arm-none-eabi/6.3.1/thumb/v6-m/crti.o
                0x00001734                _init
 .init          0x00001738        0x8 e:/nueclipse/6 2017-q1-update/bin/../lib/gcc/arm-none-eabi/6.3.1/thumb/v6-m/crtn.o
 *(.fini)
 .fini          0x00001740        0x4 e:/nueclipse/6 2017-q1-update/bin/../lib/gcc/arm-none-eabi/6.3.1/thumb/v6-m/crti.o
                0x00001740                _fini
 .fini          0x00001744        0x8 e:/nueclipse/6 2017-q1-update/bin/../lib/gcc/arm-none-eabi/6.3.1/thumb/v6-m/crtn.o
 *crtbegin.o(.ctors)
 *crtbegin?.o(.ctors)
 *(EXCLUDE_FILE(*crtend.o *crtend?.o) .ctors)
 *(SORT(.ctors.*))
 *(.ctors)
 *crtbegin.o(.dtors)
 *crtbegin?.o(.dtors)
 *(EXCLUDE_FILE(*crtend.o *crtend?.o) .dtors)
 *(SORT(.dtors.*))
 *(.dtors)
 *(.rodata*)
 .rodata        0x0000174c       0x1c ./Library/StdDriver/src/clk.o
 .rodata.Hard_Fault_Handler.str1.1
                0x00001768       0x76 ./Library/StdDriver/src/retarget.o
 *fill*         0x000017de        0x2 
 .rodata        0x000017e0       0x18 ./Library/StdDriver/src/uart.o
 .rodata.gau32ClkSrcTbl
                0x000017f8       0x20 ./CMSIS/system_M0A21.o
                0x000017f8                gau32ClkSrcTbl
 .rodata._global_impure_ptr
                0x00001818        0x4 e:/nueclipse/6 2017-q1-update/bin/../lib/gcc/arm-none-eabi/6.3.1/../../../../arm-none-eabi/lib/thumb/v6-m\libg_nano.a(lib_a-impure.o)
                0x00001818                _global_impure_ptr
 .rodata.__sf_fake_stderr
                0x0000181c       0x20 e:/nueclipse/6 2017-q1-update/bin/../lib/gcc/arm-none-eabi/6.3.1/../../../../arm-none-eabi/lib/thumb/v6-m\libg_nano.a(lib_a-findfp.o)
                0x0000181c                __sf_fake_stderr
 .rodata.__sf_fake_stdin
                0x0000183c       0x20 e:/nueclipse/6 2017-q1-update/bin/../lib/gcc/arm-none-eabi/6.3.1/../../../../arm-none-eabi/lib/thumb/v6-m\libg_nano.a(lib_a-findfp.o)
                0x0000183c                __sf_fake_stdin
 .rodata.__sf_fake_stdout
                0x0000185c       0x20 e:/nueclipse/6 2017-q1-update/bin/../lib/gcc/arm-none-eabi/6.3.1/../../../../arm-none-eabi/lib/thumb/v6-m\libg_nano.a(lib_a-findfp.o)
                0x0000185c                __sf_fake_stdout
 .rodata._vfprintf_r.str1.1
                0x0000187c       0x11 e:/nueclipse/6 2017-q1-update/bin/../lib/gcc/arm-none-eabi/6.3.1/../../../../arm-none-eabi/lib/thumb/v6-m\libg_nano.a(lib_a-nano-vfprintf.o)
 .rodata._printf_i.str1.1
                0x0000188d       0x22 e:/nueclipse/6 2017-q1-update/bin/../lib/gcc/arm-none-eabi/6.3.1/../../../../arm-none-eabi/lib/thumb/v6-m\libg_nano.a(lib_a-nano-vfprintf_i.o)
 *(.eh_frame*)
 *fill*         0x000018af        0x1 
 .eh_frame      0x000018b0        0x0 e:/nueclipse/6 2017-q1-update/bin/../lib/gcc/arm-none-eabi/6.3.1/thumb/v6-m/crtbegin.o
 .eh_frame      0x000018b0        0x4 e:/nueclipse/6 2017-q1-update/bin/../lib/gcc/arm-none-eabi/6.3.1/thumb/v6-m/crtend.o

.glue_7         0x000018b4        0x0
 .glue_7        0x000018b4        0x0 linker stubs

.glue_7t        0x000018b4        0x0
 .glue_7t       0x000018b4        0x0 linker stubs

.vfp11_veneer   0x000018b4        0x0
 .vfp11_veneer  0x000018b4        0x0 linker stubs

.v4_bx          0x000018b4        0x0
 .v4_bx         0x000018b4        0x0 linker stubs

.iplt           0x000018b4        0x0
 .iplt          0x000018b4        0x0 e:/nueclipse/6 2017-q1-update/bin/../lib/gcc/arm-none-eabi/6.3.1/thumb/v6-m/crtbegin.o

.ARM.extab
 *(.ARM.extab* .gnu.linkonce.armextab.*)
                0x000018b4                __exidx_start = .

.ARM.exidx      0x000018b4        0x8
 *(.ARM.exidx* .gnu.linkonce.armexidx.*)
 .ARM.exidx     0x000018b4        0x8 e:/nueclipse/6 2017-q1-update/bin/../lib/gcc/arm-none-eabi/6.3.1/../../../../arm-none-eabi/lib/thumb/v6-m/crt0.o
                0x000018bc                __exidx_end = .
                0x000018bc                __etext = .

.rel.dyn        0x000018bc        0x0
 .rel.iplt      0x000018bc        0x0 e:/nueclipse/6 2017-q1-update/bin/../lib/gcc/arm-none-eabi/6.3.1/thumb/v6-m/crtbegin.o

.data           0x20000000       0x98 load address 0x000018bc
                0x20000000                __data_start__ = .
 *(vtable)
 *(.data*)
 .data.mang     0x20000000       0x20 ./User/main.o
                0x20000000                mang
 .data.CyclesPerUs
                0x20000020        0x4 ./CMSIS/system_M0A21.o
                0x20000020                CyclesPerUs
 .data.SystemCoreClock
                0x20000024        0x4 ./CMSIS/system_M0A21.o
                0x20000024                SystemCoreClock
 .data._impure_ptr
                0x20000028        0x4 e:/nueclipse/6 2017-q1-update/bin/../lib/gcc/arm-none-eabi/6.3.1/../../../../arm-none-eabi/lib/thumb/v6-m\libg_nano.a(lib_a-impure.o)
                0x20000028                _impure_ptr
 .data.impure_data
                0x2000002c       0x60 e:/nueclipse/6 2017-q1-update/bin/../lib/gcc/arm-none-eabi/6.3.1/../../../../arm-none-eabi/lib/thumb/v6-m\libg_nano.a(lib_a-impure.o)
                0x2000008c                . = ALIGN (0x4)
                0x2000008c                PROVIDE (__preinit_array_start, .)
 *(.preinit_array)
                0x2000008c                PROVIDE (__preinit_array_end, .)
                0x2000008c                . = ALIGN (0x4)
                0x2000008c                PROVIDE (__init_array_start, .)
 *(SORT(.init_array.*))
 *(.init_array)
 .init_array    0x2000008c        0x4 e:/nueclipse/6 2017-q1-update/bin/../lib/gcc/arm-none-eabi/6.3.1/thumb/v6-m/crtbegin.o
                0x20000090                PROVIDE (__init_array_end, .)
                0x20000090                . = ALIGN (0x4)
                [!provide]                PROVIDE (__fini_array_start, .)
 *(SORT(.fini_array.*))
 *(.fini_array)
 .fini_array    0x20000090        0x4 e:/nueclipse/6 2017-q1-update/bin/../lib/gcc/arm-none-eabi/6.3.1/thumb/v6-m/crtbegin.o
                [!provide]                PROVIDE (__fini_array_end, .)
 *(.jcr*)
 .jcr           0x20000094        0x0 e:/nueclipse/6 2017-q1-update/bin/../lib/gcc/arm-none-eabi/6.3.1/thumb/v6-m/crtbegin.o
 .jcr           0x20000094        0x4 e:/nueclipse/6 2017-q1-update/bin/../lib/gcc/arm-none-eabi/6.3.1/thumb/v6-m/crtend.o
                0x20000098                . = ALIGN (0x4)
                0x20000098                __data_end__ = .

.igot.plt       0x20000098        0x0 load address 0x00001954
 .igot.plt      0x20000098        0x0 e:/nueclipse/6 2017-q1-update/bin/../lib/gcc/arm-none-eabi/6.3.1/thumb/v6-m/crtbegin.o

.bss            0x20000098       0x2c load address 0x00001954
                0x20000098                . = ALIGN (0x4)
                0x20000098                __bss_start__ = .
 *(.bss*)
 .bss           0x20000098       0x1c e:/nueclipse/6 2017-q1-update/bin/../lib/gcc/arm-none-eabi/6.3.1/thumb/v6-m/crtbegin.o
 .bss.__malloc_free_list
                0x200000b4        0x4 e:/nueclipse/6 2017-q1-update/bin/../lib/gcc/arm-none-eabi/6.3.1/../../../../arm-none-eabi/lib/thumb/v6-m\libg_nano.a(lib_a-nano-mallocr.o)
                0x200000b4                __malloc_free_list
 .bss.__malloc_sbrk_start
                0x200000b8        0x4 e:/nueclipse/6 2017-q1-update/bin/../lib/gcc/arm-none-eabi/6.3.1/../../../../arm-none-eabi/lib/thumb/v6-m\libg_nano.a(lib_a-nano-mallocr.o)
                0x200000b8                __malloc_sbrk_start
 .bss.heap_end.4116
                0x200000bc        0x4 e:/nueclipse/6 2017-q1-update/bin/../lib/gcc/arm-none-eabi/6.3.1/../../../../arm-none-eabi/lib/thumb/v6-m\libnosys.a(sbrk.o)
 *(COMMON)
 COMMON         0x200000c0        0x4 ./CMSIS/GCC/_syscalls.o
                0x200000c0                errno
                0x200000c4                . = ALIGN (0x4)
                0x200000c4                __bss_end__ = .

.heap           0x200000c8      0x100
                0x200000c8                __HeapBase = .
                0x200000c8                __end__ = .
                0x200000c8                end = __end__
 *(.heap*)
 .heap          0x200000c8      0x100 ./CMSIS/GCC/startup_M0A21.o
                0x200001c8                __HeapLimit = .

.stack_dummy    0x200000c8      0x200
 *(.stack*)
 .stack         0x200000c8      0x200 ./CMSIS/GCC/startup_M0A21.o
                0x20001000                __StackTop = (ORIGIN (RAM) + LENGTH (RAM))
                0x20000e00                __StackLimit = (__StackTop - SIZEOF (.stack_dummy))
                0x20001000                PROVIDE (__stack, __StackTop)
                0x00000001                ASSERT ((__StackLimit >= __HeapLimit), region RAM overflowed with stack)
OUTPUT(HelloWorld.elf elf32-littlearm)

.ARM.attributes
                0x00000000       0x28
 .ARM.attributes
                0x00000000       0x1e e:/nueclipse/6 2017-q1-update/bin/../lib/gcc/arm-none-eabi/6.3.1/thumb/v6-m/crti.o
 .ARM.attributes
                0x0000001e       0x2c e:/nueclipse/6 2017-q1-update/bin/../lib/gcc/arm-none-eabi/6.3.1/thumb/v6-m/crtbegin.o
 .ARM.attributes
                0x0000004a       0x1b e:/nueclipse/6 2017-q1-update/bin/../lib/gcc/arm-none-eabi/6.3.1/../../../../arm-none-eabi/lib/thumb/v6-m/crt0.o
 .ARM.attributes
                0x00000065       0x31 ./User/main.o
 .ARM.attributes
                0x00000096       0x31 ./Library/StdDriver/src/clk.o
 .ARM.attributes
                0x000000c7       0x31 ./Library/StdDriver/src/retarget.o
 .ARM.attributes
                0x000000f8       0x31 ./Library/StdDriver/src/uart.o
 .ARM.attributes
                0x00000129       0x31 ./CMSIS/GCC/_syscalls.o
 .ARM.attributes
                0x0000015a       0x1b ./CMSIS/GCC/startup_M0A21.o
 .ARM.attributes
                0x00000175       0x31 ./CMSIS/system_M0A21.o
 .ARM.attributes
                0x000001a6       0x1e e:/nueclipse/6 2017-q1-update/bin/../lib/gcc/arm-none-eabi/6.3.1/thumb/v6-m\libgcc.a(_udivsi3.o)
 .ARM.attributes
                0x000001c4       0x1e e:/nueclipse/6 2017-q1-update/bin/../lib/gcc/arm-none-eabi/6.3.1/thumb/v6-m\libgcc.a(_dvmd_tls.o)
 .ARM.attributes
                0x000001e2       0x2c e:/nueclipse/6 2017-q1-update/bin/../lib/gcc/arm-none-eabi/6.3.1/../../../../arm-none-eabi/lib/thumb/v6-m\libg_nano.a(lib_a-errno.o)
 .ARM.attributes
                0x0000020e       0x2c e:/nueclipse/6 2017-q1-update/bin/../lib/gcc/arm-none-eabi/6.3.1/../../../../arm-none-eabi/lib/thumb/v6-m\libg_nano.a(lib_a-exit.o)
 .ARM.attributes
                0x0000023a       0x2c e:/nueclipse/6 2017-q1-update/bin/../lib/gcc/arm-none-eabi/6.3.1/../../../../arm-none-eabi/lib/thumb/v6-m\libg_nano.a(lib_a-impure.o)
 .ARM.attributes
                0x00000266       0x2c e:/nueclipse/6 2017-q1-update/bin/../lib/gcc/arm-none-eabi/6.3.1/../../../../arm-none-eabi/lib/thumb/v6-m\libg_nano.a(lib_a-init.o)
 .ARM.attributes
                0x00000292       0x2c e:/nueclipse/6 2017-q1-update/bin/../lib/gcc/arm-none-eabi/6.3.1/../../../../arm-none-eabi/lib/thumb/v6-m\libg_nano.a(lib_a-memset.o)
 .ARM.attributes
                0x000002be       0x2c e:/nueclipse/6 2017-q1-update/bin/../lib/gcc/arm-none-eabi/6.3.1/../../../../arm-none-eabi/lib/thumb/v6-m\libg_nano.a(lib_a-printf.o)
 .ARM.attributes
                0x000002ea       0x2c e:/nueclipse/6 2017-q1-update/bin/../lib/gcc/arm-none-eabi/6.3.1/../../../../arm-none-eabi/lib/thumb/v6-m\libg_nano.a(lib_a-puts.o)
 .ARM.attributes
                0x00000316       0x2c e:/nueclipse/6 2017-q1-update/bin/../lib/gcc/arm-none-eabi/6.3.1/../../../../arm-none-eabi/lib/thumb/v6-m\libg_nano.a(lib_a-wbuf.o)
 .ARM.attributes
                0x00000342       0x2c e:/nueclipse/6 2017-q1-update/bin/../lib/gcc/arm-none-eabi/6.3.1/../../../../arm-none-eabi/lib/thumb/v6-m\libg_nano.a(lib_a-wsetup.o)
 .ARM.attributes
                0x0000036e       0x2c e:/nueclipse/6 2017-q1-update/bin/../lib/gcc/arm-none-eabi/6.3.1/../../../../arm-none-eabi/lib/thumb/v6-m\libg_nano.a(lib_a-fflush.o)
 .ARM.attributes
                0x0000039a       0x2c e:/nueclipse/6 2017-q1-update/bin/../lib/gcc/arm-none-eabi/6.3.1/../../../../arm-none-eabi/lib/thumb/v6-m\libg_nano.a(lib_a-findfp.o)
 .ARM.attributes
                0x000003c6       0x2c e:/nueclipse/6 2017-q1-update/bin/../lib/gcc/arm-none-eabi/6.3.1/../../../../arm-none-eabi/lib/thumb/v6-m\libg_nano.a(lib_a-fwalk.o)
 .ARM.attributes
                0x000003f2       0x2c e:/nueclipse/6 2017-q1-update/bin/../lib/gcc/arm-none-eabi/6.3.1/../../../../arm-none-eabi/lib/thumb/v6-m\libg_nano.a(lib_a-makebuf.o)
 .ARM.attributes
                0x0000041e       0x2c e:/nueclipse/6 2017-q1-update/bin/../lib/gcc/arm-none-eabi/6.3.1/../../../../arm-none-eabi/lib/thumb/v6-m\libg_nano.a(lib_a-nano-freer.o)
 .ARM.attributes
                0x0000044a       0x2c e:/nueclipse/6 2017-q1-update/bin/../lib/gcc/arm-none-eabi/6.3.1/../../../../arm-none-eabi/lib/thumb/v6-m\libg_nano.a(lib_a-nano-mallocr.o)
 .ARM.attributes
                0x00000476       0x2c e:/nueclipse/6 2017-q1-update/bin/../lib/gcc/arm-none-eabi/6.3.1/../../../../arm-none-eabi/lib/thumb/v6-m\libg_nano.a(lib_a-nano-vfprintf.o)
 .ARM.attributes
                0x000004a2       0x2c e:/nueclipse/6 2017-q1-update/bin/../lib/gcc/arm-none-eabi/6.3.1/../../../../arm-none-eabi/lib/thumb/v6-m\libg_nano.a(lib_a-nano-vfprintf_i.o)
 .ARM.attributes
                0x000004ce       0x2c e:/nueclipse/6 2017-q1-update/bin/../lib/gcc/arm-none-eabi/6.3.1/../../../../arm-none-eabi/lib/thumb/v6-m\libg_nano.a(lib_a-sbrkr.o)
 .ARM.attributes
                0x000004fa       0x2c e:/nueclipse/6 2017-q1-update/bin/../lib/gcc/arm-none-eabi/6.3.1/../../../../arm-none-eabi/lib/thumb/v6-m\libg_nano.a(lib_a-stdio.o)
 .ARM.attributes
                0x00000526       0x2c e:/nueclipse/6 2017-q1-update/bin/../lib/gcc/arm-none-eabi/6.3.1/../../../../arm-none-eabi/lib/thumb/v6-m\libg_nano.a(lib_a-writer.o)
 .ARM.attributes
                0x00000552       0x2c e:/nueclipse/6 2017-q1-update/bin/../lib/gcc/arm-none-eabi/6.3.1/../../../../arm-none-eabi/lib/thumb/v6-m\libg_nano.a(lib_a-closer.o)
 .ARM.attributes
                0x0000057e       0x2c e:/nueclipse/6 2017-q1-update/bin/../lib/gcc/arm-none-eabi/6.3.1/../../../../arm-none-eabi/lib/thumb/v6-m\libg_nano.a(lib_a-fstatr.o)
 .ARM.attributes
                0x000005aa       0x2c e:/nueclipse/6 2017-q1-update/bin/../lib/gcc/arm-none-eabi/6.3.1/../../../../arm-none-eabi/lib/thumb/v6-m\libg_nano.a(lib_a-isattyr.o)
 .ARM.attributes
                0x000005d6       0x2c e:/nueclipse/6 2017-q1-update/bin/../lib/gcc/arm-none-eabi/6.3.1/../../../../arm-none-eabi/lib/thumb/v6-m\libg_nano.a(lib_a-lseekr.o)
 .ARM.attributes
                0x00000602       0x2c e:/nueclipse/6 2017-q1-update/bin/../lib/gcc/arm-none-eabi/6.3.1/../../../../arm-none-eabi/lib/thumb/v6-m\libg_nano.a(lib_a-memchr-stub.o)
 .ARM.attributes
                0x0000062e       0x2c e:/nueclipse/6 2017-q1-update/bin/../lib/gcc/arm-none-eabi/6.3.1/../../../../arm-none-eabi/lib/thumb/v6-m\libg_nano.a(lib_a-mlock.o)
 .ARM.attributes
                0x0000065a       0x2c e:/nueclipse/6 2017-q1-update/bin/../lib/gcc/arm-none-eabi/6.3.1/../../../../arm-none-eabi/lib/thumb/v6-m\libg_nano.a(lib_a-readr.o)
 .ARM.attributes
                0x00000686       0x2c e:/nueclipse/6 2017-q1-update/bin/../lib/gcc/arm-none-eabi/6.3.1/thumb/v6-m/crtend.o
 .ARM.attributes
                0x000006b2       0x1e e:/nueclipse/6 2017-q1-update/bin/../lib/gcc/arm-none-eabi/6.3.1/thumb/v6-m/crtn.o
 .ARM.attributes
                0x000006d0       0x2c e:/nueclipse/6 2017-q1-update/bin/../lib/gcc/arm-none-eabi/6.3.1/../../../../arm-none-eabi/lib/thumb/v6-m\libnosys.a(sbrk.o)
 .ARM.attributes
                0x000006fc       0x2c e:/nueclipse/6 2017-q1-update/bin/../lib/gcc/arm-none-eabi/6.3.1/../../../../arm-none-eabi/lib/thumb/v6-m\libnosys.a(_exit.o)

.comment        0x00000000       0x7f
 .comment       0x00000000       0x7f ./User/main.o
                                 0x80 (size before relaxing)
 .comment       0x0000007f       0x80 ./Library/StdDriver/src/clk.o
 .comment       0x0000007f       0x80 ./Library/StdDriver/src/retarget.o
 .comment       0x0000007f       0x80 ./Library/StdDriver/src/uart.o
 .comment       0x0000007f       0x80 ./CMSIS/GCC/_syscalls.o
 .comment       0x0000007f       0x80 ./CMSIS/system_M0A21.o

.debug_info     0x00000000     0x5438
 .debug_info    0x00000000      0xecd ./User/main.o
 .debug_info    0x00000ecd      0xa05 ./Library/StdDriver/src/clk.o
 .debug_info    0x000018d2      0xda5 ./Library/StdDriver/src/retarget.o
 .debug_info    0x00002677     0x10c9 ./Library/StdDriver/src/uart.o
 .debug_info    0x00003740     0x115b ./CMSIS/GCC/_syscalls.o
 .debug_info    0x0000489b       0x7c ./CMSIS/GCC/startup_M0A21.o
 .debug_info    0x00004917      0xb21 ./CMSIS/system_M0A21.o

.debug_abbrev   0x00000000     0x108f
 .debug_abbrev  0x00000000      0x289 ./User/main.o
 .debug_abbrev  0x00000289      0x25e ./Library/StdDriver/src/clk.o
 .debug_abbrev  0x000004e7      0x39b ./Library/StdDriver/src/retarget.o
 .debug_abbrev  0x00000882      0x2e2 ./Library/StdDriver/src/uart.o
 .debug_abbrev  0x00000b64      0x324 ./CMSIS/GCC/_syscalls.o
 .debug_abbrev  0x00000e88       0x14 ./CMSIS/GCC/startup_M0A21.o
 .debug_abbrev  0x00000e9c      0x1f3 ./CMSIS/system_M0A21.o

.debug_loc      0x00000000      0xf4f
 .debug_loc     0x00000000       0x3a ./User/main.o
 .debug_loc     0x0000003a      0x38a ./Library/StdDriver/src/clk.o
 .debug_loc     0x000003c4      0x17d ./Library/StdDriver/src/retarget.o
 .debug_loc     0x00000541      0x5b6 ./Library/StdDriver/src/uart.o
 .debug_loc     0x00000af7      0x3ff ./CMSIS/GCC/_syscalls.o
 .debug_loc     0x00000ef6       0x59 ./CMSIS/system_M0A21.o

.debug_aranges  0x00000000      0x2b8
 .debug_aranges
                0x00000000       0x28 ./User/main.o
 .debug_aranges
                0x00000028       0xb8 ./Library/StdDriver/src/clk.o
 .debug_aranges
                0x000000e0       0x60 ./Library/StdDriver/src/retarget.o
 .debug_aranges
                0x00000140       0x90 ./Library/StdDriver/src/uart.o
 .debug_aranges
                0x000001d0       0xa0 ./CMSIS/GCC/_syscalls.o
 .debug_aranges
                0x00000270       0x20 ./CMSIS/GCC/startup_M0A21.o
 .debug_aranges
                0x00000290       0x28 ./CMSIS/system_M0A21.o

.debug_ranges   0x00000000      0x238
 .debug_ranges  0x00000000       0x18 ./User/main.o
 .debug_ranges  0x00000018       0xa8 ./Library/StdDriver/src/clk.o
 .debug_ranges  0x000000c0       0x50 ./Library/StdDriver/src/retarget.o
 .debug_ranges  0x00000110       0x80 ./Library/StdDriver/src/uart.o
 .debug_ranges  0x00000190       0x90 ./CMSIS/GCC/_syscalls.o
 .debug_ranges  0x00000220       0x18 ./CMSIS/system_M0A21.o

.debug_line     0x00000000     0x10c5
 .debug_line    0x00000000      0x207 ./User/main.o
 .debug_line    0x00000207      0x33c ./Library/StdDriver/src/clk.o
 .debug_line    0x00000543      0x2c9 ./Library/StdDriver/src/retarget.o
 .debug_line    0x0000080c      0x3a5 ./Library/StdDriver/src/uart.o
 .debug_line    0x00000bb1      0x2fc ./CMSIS/GCC/_syscalls.o
 .debug_line    0x00000ead       0x64 ./CMSIS/GCC/startup_M0A21.o
 .debug_line    0x00000f11      0x1b4 ./CMSIS/system_M0A21.o

.debug_str      0x00000000     0x1038
 .debug_str     0x00000000      0x7bc ./User/main.o
                                0x859 (size before relaxing)
 .debug_str     0x000007bc      0x2bd ./Library/StdDriver/src/clk.o
                                0x64a (size before relaxing)
 .debug_str     0x00000a79       0xc6 ./Library/StdDriver/src/retarget.o
                                0x707 (size before relaxing)
 .debug_str     0x00000b3f      0x20a ./Library/StdDriver/src/uart.o
                                0x940 (size before relaxing)
 .debug_str     0x00000d49      0x2aa ./CMSIS/GCC/_syscalls.o
                                0x8a8 (size before relaxing)
 .debug_str     0x00000ff3       0x45 ./CMSIS/system_M0A21.o
                                0x6b3 (size before relaxing)

.debug_frame    0x00000000      0xe64
 .debug_frame   0x00000000       0x44 ./User/main.o
 .debug_frame   0x00000044      0x1e4 ./Library/StdDriver/src/clk.o
 .debug_frame   0x00000228       0xd0 ./Library/StdDriver/src/retarget.o
 .debug_frame   0x000002f8      0x158 ./Library/StdDriver/src/uart.o
 .debug_frame   0x00000450      0x230 ./CMSIS/GCC/_syscalls.o
 .debug_frame   0x00000680       0x38 ./CMSIS/system_M0A21.o
 .debug_frame   0x000006b8       0x20 e:/nueclipse/6 2017-q1-update/bin/../lib/gcc/arm-none-eabi/6.3.1/thumb/v6-m\libgcc.a(_udivsi3.o)
 .debug_frame   0x000006d8       0x20 e:/nueclipse/6 2017-q1-update/bin/../lib/gcc/arm-none-eabi/6.3.1/../../../../arm-none-eabi/lib/thumb/v6-m\libg_nano.a(lib_a-errno.o)
 .debug_frame   0x000006f8       0x28 e:/nueclipse/6 2017-q1-update/bin/../lib/gcc/arm-none-eabi/6.3.1/../../../../arm-none-eabi/lib/thumb/v6-m\libg_nano.a(lib_a-exit.o)
 .debug_frame   0x00000720       0x2c e:/nueclipse/6 2017-q1-update/bin/../lib/gcc/arm-none-eabi/6.3.1/../../../../arm-none-eabi/lib/thumb/v6-m\libg_nano.a(lib_a-init.o)
 .debug_frame   0x0000074c       0x20 e:/nueclipse/6 2017-q1-update/bin/../lib/gcc/arm-none-eabi/6.3.1/../../../../arm-none-eabi/lib/thumb/v6-m\libg_nano.a(lib_a-memset.o)
 .debug_frame   0x0000076c       0x50 e:/nueclipse/6 2017-q1-update/bin/../lib/gcc/arm-none-eabi/6.3.1/../../../../arm-none-eabi/lib/thumb/v6-m\libg_nano.a(lib_a-printf.o)
 .debug_frame   0x000007bc       0x44 e:/nueclipse/6 2017-q1-update/bin/../lib/gcc/arm-none-eabi/6.3.1/../../../../arm-none-eabi/lib/thumb/v6-m\libg_nano.a(lib_a-puts.o)
 .debug_frame   0x00000800       0x48 e:/nueclipse/6 2017-q1-update/bin/../lib/gcc/arm-none-eabi/6.3.1/../../../../arm-none-eabi/lib/thumb/v6-m\libg_nano.a(lib_a-wbuf.o)
 .debug_frame   0x00000848       0x2c e:/nueclipse/6 2017-q1-update/bin/../lib/gcc/arm-none-eabi/6.3.1/../../../../arm-none-eabi/lib/thumb/v6-m\libg_nano.a(lib_a-wsetup.o)
 .debug_frame   0x00000874       0x68 e:/nueclipse/6 2017-q1-update/bin/../lib/gcc/arm-none-eabi/6.3.1/../../../../arm-none-eabi/lib/thumb/v6-m\libg_nano.a(lib_a-fflush.o)
 .debug_frame   0x000008dc      0x140 e:/nueclipse/6 2017-q1-update/bin/../lib/gcc/arm-none-eabi/6.3.1/../../../../arm-none-eabi/lib/thumb/v6-m\libg_nano.a(lib_a-findfp.o)
 .debug_frame   0x00000a1c       0x58 e:/nueclipse/6 2017-q1-update/bin/../lib/gcc/arm-none-eabi/6.3.1/../../../../arm-none-eabi/lib/thumb/v6-m\libg_nano.a(lib_a-fwalk.o)
 .debug_frame   0x00000a74       0x54 e:/nueclipse/6 2017-q1-update/bin/../lib/gcc/arm-none-eabi/6.3.1/../../../../arm-none-eabi/lib/thumb/v6-m\libg_nano.a(lib_a-makebuf.o)
 .debug_frame   0x00000ac8       0x2c e:/nueclipse/6 2017-q1-update/bin/../lib/gcc/arm-none-eabi/6.3.1/../../../../arm-none-eabi/lib/thumb/v6-m\libg_nano.a(lib_a-nano-freer.o)
 .debug_frame   0x00000af4       0x2c e:/nueclipse/6 2017-q1-update/bin/../lib/gcc/arm-none-eabi/6.3.1/../../../../arm-none-eabi/lib/thumb/v6-m\libg_nano.a(lib_a-nano-mallocr.o)
 .debug_frame   0x00000b20       0x9c e:/nueclipse/6 2017-q1-update/bin/../lib/gcc/arm-none-eabi/6.3.1/../../../../arm-none-eabi/lib/thumb/v6-m\libg_nano.a(lib_a-nano-vfprintf.o)
 .debug_frame   0x00000bbc       0x54 e:/nueclipse/6 2017-q1-update/bin/../lib/gcc/arm-none-eabi/6.3.1/../../../../arm-none-eabi/lib/thumb/v6-m\libg_nano.a(lib_a-nano-vfprintf_i.o)
 .debug_frame   0x00000c10       0x2c e:/nueclipse/6 2017-q1-update/bin/../lib/gcc/arm-none-eabi/6.3.1/../../../../arm-none-eabi/lib/thumb/v6-m\libg_nano.a(lib_a-sbrkr.o)
 .debug_frame   0x00000c3c       0x90 e:/nueclipse/6 2017-q1-update/bin/../lib/gcc/arm-none-eabi/6.3.1/../../../../arm-none-eabi/lib/thumb/v6-m\libg_nano.a(lib_a-stdio.o)
 .debug_frame   0x00000ccc       0x2c e:/nueclipse/6 2017-q1-update/bin/../lib/gcc/arm-none-eabi/6.3.1/../../../../arm-none-eabi/lib/thumb/v6-m\libg_nano.a(lib_a-writer.o)
 .debug_frame   0x00000cf8       0x2c e:/nueclipse/6 2017-q1-update/bin/../lib/gcc/arm-none-eabi/6.3.1/../../../../arm-none-eabi/lib/thumb/v6-m\libg_nano.a(lib_a-closer.o)
 .debug_frame   0x00000d24       0x2c e:/nueclipse/6 2017-q1-update/bin/../lib/gcc/arm-none-eabi/6.3.1/../../../../arm-none-eabi/lib/thumb/v6-m\libg_nano.a(lib_a-fstatr.o)
 .debug_frame   0x00000d50       0x2c e:/nueclipse/6 2017-q1-update/bin/../lib/gcc/arm-none-eabi/6.3.1/../../../../arm-none-eabi/lib/thumb/v6-m\libg_nano.a(lib_a-isattyr.o)
 .debug_frame   0x00000d7c       0x2c e:/nueclipse/6 2017-q1-update/bin/../lib/gcc/arm-none-eabi/6.3.1/../../../../arm-none-eabi/lib/thumb/v6-m\libg_nano.a(lib_a-lseekr.o)
 .debug_frame   0x00000da8       0x20 e:/nueclipse/6 2017-q1-update/bin/../lib/gcc/arm-none-eabi/6.3.1/../../../../arm-none-eabi/lib/thumb/v6-m\libg_nano.a(lib_a-memchr-stub.o)
 .debug_frame   0x00000dc8       0x30 e:/nueclipse/6 2017-q1-update/bin/../lib/gcc/arm-none-eabi/6.3.1/../../../../arm-none-eabi/lib/thumb/v6-m\libg_nano.a(lib_a-mlock.o)
 .debug_frame   0x00000df8       0x2c e:/nueclipse/6 2017-q1-update/bin/../lib/gcc/arm-none-eabi/6.3.1/../../../../arm-none-eabi/lib/thumb/v6-m\libg_nano.a(lib_a-readr.o)
 .debug_frame   0x00000e24       0x20 e:/nueclipse/6 2017-q1-update/bin/../lib/gcc/arm-none-eabi/6.3.1/../../../../arm-none-eabi/lib/thumb/v6-m\libnosys.a(sbrk.o)
 .debug_frame   0x00000e44       0x20 e:/nueclipse/6 2017-q1-update/bin/../lib/gcc/arm-none-eabi/6.3.1/../../../../arm-none-eabi/lib/thumb/v6-m\libnosys.a(_exit.o)
